Archive member included to satisfy reference by file (symbol)

/usr/bin/../lib/gcc/arm-none-eabi/7.3.1/../../../../arm-none-eabi/lib/thumb/v7e-m/libg.a(lib_a-memcpy.o)
                              /tmp/ccwUfPS9.ltrans0.ltrans.o (memcpy)
/usr/bin/../lib/gcc/arm-none-eabi/7.3.1/../../../../arm-none-eabi/lib/thumb/v7e-m/libg.a(lib_a-memset.o)
                              /tmp/ccwUfPS9.ltrans0.ltrans.o (memset)
/usr/bin/../lib/gcc/arm-none-eabi/7.3.1/../../../../arm-none-eabi/lib/thumb/v7e-m/libg.a(lib_a-strncmp.o)
                              /tmp/ccwUfPS9.ltrans0.ltrans.o (strncmp)
/usr/bin/../lib/gcc/arm-none-eabi/7.3.1/../../../../arm-none-eabi/lib/thumb/v7e-m/libg.a(lib_a-strncpy.o)
                              /tmp/ccwUfPS9.ltrans0.ltrans.o (strncpy)

Discarded input sections

 .data          0x0000000000000000        0x0 build/obj/crt0_v7m.o
 .bss           0x0000000000000000        0x0 build/obj/crt0_v7m.o
 .data          0x0000000000000000        0x0 build/obj/vectors.o
 .bss           0x0000000000000000        0x0 build/obj/vectors.o
 .data          0x0000000000000000        0x0 build/obj/chcoreasm_v7m.o
 .bss           0x0000000000000000        0x0 build/obj/chcoreasm_v7m.o
 .text          0x0000000000000000        0x0 /tmp/ccwUfPS9.ltrans0.ltrans.o
 .data          0x0000000000000000        0x0 /tmp/ccwUfPS9.ltrans0.ltrans.o
 .bss           0x0000000000000000        0x0 /tmp/ccwUfPS9.ltrans0.ltrans.o
 .data          0x0000000000000000        0x0 /usr/bin/../lib/gcc/arm-none-eabi/7.3.1/../../../../arm-none-eabi/lib/thumb/v7e-m/libg.a(lib_a-memcpy.o)
 .bss           0x0000000000000000        0x0 /usr/bin/../lib/gcc/arm-none-eabi/7.3.1/../../../../arm-none-eabi/lib/thumb/v7e-m/libg.a(lib_a-memcpy.o)
 .text          0x0000000000000000        0x0 /usr/bin/../lib/gcc/arm-none-eabi/7.3.1/../../../../arm-none-eabi/lib/thumb/v7e-m/libg.a(lib_a-memset.o)
 .data          0x0000000000000000        0x0 /usr/bin/../lib/gcc/arm-none-eabi/7.3.1/../../../../arm-none-eabi/lib/thumb/v7e-m/libg.a(lib_a-memset.o)
 .bss           0x0000000000000000        0x0 /usr/bin/../lib/gcc/arm-none-eabi/7.3.1/../../../../arm-none-eabi/lib/thumb/v7e-m/libg.a(lib_a-memset.o)
 .text          0x0000000000000000        0x0 /usr/bin/../lib/gcc/arm-none-eabi/7.3.1/../../../../arm-none-eabi/lib/thumb/v7e-m/libg.a(lib_a-strncmp.o)
 .data          0x0000000000000000        0x0 /usr/bin/../lib/gcc/arm-none-eabi/7.3.1/../../../../arm-none-eabi/lib/thumb/v7e-m/libg.a(lib_a-strncmp.o)
 .bss           0x0000000000000000        0x0 /usr/bin/../lib/gcc/arm-none-eabi/7.3.1/../../../../arm-none-eabi/lib/thumb/v7e-m/libg.a(lib_a-strncmp.o)
 .text          0x0000000000000000        0x0 /usr/bin/../lib/gcc/arm-none-eabi/7.3.1/../../../../arm-none-eabi/lib/thumb/v7e-m/libg.a(lib_a-strncpy.o)
 .data          0x0000000000000000        0x0 /usr/bin/../lib/gcc/arm-none-eabi/7.3.1/../../../../arm-none-eabi/lib/thumb/v7e-m/libg.a(lib_a-strncpy.o)
 .bss           0x0000000000000000        0x0 /usr/bin/../lib/gcc/arm-none-eabi/7.3.1/../../../../arm-none-eabi/lib/thumb/v7e-m/libg.a(lib_a-strncpy.o)

Memory Configuration

Name             Origin             Length             Attributes
flash0           0x0000000008000000 0x0000000000040000
flash1           0x0000000000000000 0x0000000000000000
flash2           0x0000000000000000 0x0000000000000000
flash3           0x0000000000000000 0x0000000000000000
flash4           0x0000000000000000 0x0000000000000000
flash5           0x0000000000000000 0x0000000000000000
flash6           0x0000000000000000 0x0000000000000000
flash7           0x0000000000000000 0x0000000000000000
ram0             0x0000000020000000 0x0000000000010000
ram1             0x0000000000000000 0x0000000000000000
ram2             0x0000000000000000 0x0000000000000000
ram3             0x0000000000000000 0x0000000000000000
ram4             0x0000000000000000 0x0000000000000000
ram5             0x0000000000000000 0x0000000000000000
ram6             0x0000000000000000 0x0000000000000000
ram7             0x0000000000000000 0x0000000000000000
*default*        0x0000000000000000 0xffffffffffffffff

Linker script and memory map

LOAD build/obj/crt0_v7m.o
LOAD build/obj/vectors.o
LOAD build/obj/chcoreasm_v7m.o
LOAD /tmp/ccwUfPS9.ltrans0.ltrans.o

.mstack         0x0000000020000000      0x400
                0x0000000020000000                . = ALIGN (0x8)
                0x0000000020000000                __main_stack_base__ = .
                0x0000000020000400                . = (. + __main_stack_size__)
 *fill*         0x0000000020000000      0x400 
                0x0000000020000400                . = ALIGN (0x8)
                0x0000000020000400                __main_stack_end__ = .

.pstack         0x0000000020000400      0x400
                0x0000000020000400                __process_stack_base__ = .
                0x0000000020000400                __main_thread_stack_base__ = .
                0x0000000020000800                . = (. + __process_stack_size__)
 *fill*         0x0000000020000400      0x400 
                0x0000000020000800                . = ALIGN (0x8)
                0x0000000020000800                __process_stack_end__ = .
                0x0000000020000800                __main_thread_stack_end__ = .

.vectors        0x0000000008000000      0x1a0
 *(.vectors)
 .vectors       0x0000000008000000      0x1a0 build/obj/vectors.o
                0x0000000008000000                _vectors

.xtors          0x00000000080001a0        0x0
                0x00000000080001a0                __init_array_start = .
 *(SORT_BY_NAME(.init_array.*))
 *(.init_array)
                0x00000000080001a0                __init_array_end = .
                0x00000000080001a0                __fini_array_start = .
 *(.fini_array)
 *(SORT_BY_NAME(.fini_array.*))
                0x00000000080001a0                __fini_array_end = .

.text           0x00000000080001a0     0x7504
 *(.text)
 .text          0x00000000080001a0       0xd8 build/obj/crt0_v7m.o
                0x00000000080001a0                _crt0_entry
 .text          0x0000000008000278        0x8 build/obj/vectors.o
                0x0000000008000278                Reset_Handler
                0x000000000800027a                Vector58
                0x000000000800027a                VectorE8
                0x000000000800027a                Vector9C
                0x000000000800027a                VectorAC
                0x000000000800027a                DebugMon_Handler
                0x000000000800027a                Vector5C
                0x000000000800027a                Vector11C
                0x000000000800027a                HardFault_Handler
                0x000000000800027a                Vector19C
                0x000000000800027a                Vector8C
                0x000000000800027a                SysTick_Handler
                0x000000000800027a                VectorDC
                0x000000000800027a                PendSV_Handler
                0x000000000800027a                Vector168
                0x000000000800027a                NMI_Handler
                0x000000000800027a                Vector110
                0x000000000800027a                Vector120
                0x000000000800027a                VectorC8
                0x000000000800027a                Vector94
                0x000000000800027a                VectorA8
                0x000000000800027a                VectorB4
                0x000000000800027a                Vector74
                0x000000000800027a                Vector160
                0x000000000800027a                UsageFault_Handler
                0x000000000800027a                VectorEC
                0x000000000800027a                Vector40
                0x000000000800027a                VectorF8
                0x000000000800027a                Vector108
                0x000000000800027a                VectorBC
                0x000000000800027a                Vector190
                0x000000000800027a                Vector150
                0x000000000800027a                Vector124
                0x000000000800027a                Vector148
                0x000000000800027a                Vector188
                0x000000000800027a                Vector198
                0x000000000800027a                Vector118
                0x000000000800027a                Vector64
                0x000000000800027a                VectorCC
                0x000000000800027a                Vector54
                0x000000000800027a                Vector98
                0x000000000800027a                Vector138
                0x000000000800027a                Vector24
                0x000000000800027a                Vector178
                0x000000000800027a                Vector84
                0x000000000800027a                VectorD0
                0x000000000800027a                Vector140
                0x000000000800027a                VectorE4
                0x000000000800027a                VectorC0
                0x000000000800027a                Vector158
                0x000000000800027a                Vector130
                0x000000000800027a                Vector134
                0x000000000800027a                VectorF0
                0x000000000800027a                Vector12C
                0x000000000800027a                Vector13C
                0x000000000800027a                Vector100
                0x000000000800027a                VectorE0
                0x000000000800027a                VectorF4
                0x000000000800027a                MemManage_Handler
                0x000000000800027a                Vector6C
                0x000000000800027a                VectorA0
                0x000000000800027a                VectorC4
                0x000000000800027a                Vector7C
                0x000000000800027a                Vector180
                0x000000000800027a                Vector90
                0x000000000800027a                Vector114
                0x000000000800027a                Vector164
                0x000000000800027a                Vector60
                0x000000000800027a                Vector1C
                0x000000000800027a                Vector17C
                0x000000000800027a                Vector48
                0x000000000800027a                Vector16C
                0x000000000800027a                Vector70
                0x000000000800027a                VectorD4
                0x000000000800027a                Vector4C
                0x000000000800027a                Vector144
                0x000000000800027a                Vector80
                0x000000000800027a                Vector15C
                0x000000000800027a                Vector68
                0x000000000800027a                Vector78
                0x000000000800027a                Vector170
                0x000000000800027a                Vector88
                0x000000000800027a                Vector104
                0x000000000800027a                Vector184
                0x000000000800027a                Vector10C
                0x000000000800027a                Vector14C
                0x000000000800027a                BusFault_Handler
                0x000000000800027a                Vector50
                0x000000000800027a                Vector194
                0x000000000800027a                Vector154
                0x000000000800027a                Vector44
                0x000000000800027a                Vector28
                0x000000000800027a                VectorB8
                0x000000000800027a                VectorFC
                0x000000000800027a                Vector34
                0x000000000800027a                Vector128
                0x000000000800027a                VectorA4
                0x000000000800027a                Vector20
                0x000000000800027a                Vector18C
                0x000000000800027a                Vector174
                0x000000000800027e                _unhandled_exception
 .text          0x0000000008000280       0x28 build/obj/chcoreasm_v7m.o
                0x0000000008000280                _port_switch
                0x0000000008000290                _port_thread_start
                0x00000000080002a0                _port_switch_from_isr
                0x00000000080002a4                _port_exit_from_isr
 .text          0x00000000080002a8      0x134 /usr/bin/../lib/gcc/arm-none-eabi/7.3.1/../../../../arm-none-eabi/lib/thumb/v7e-m/libg.a(lib_a-memcpy.o)
                0x00000000080002a8                memcpy
 *(.text.*)
 *fill*         0x00000000080003dc        0x4 
 .text.chTMStartMeasurementX.constprop.63
                0x00000000080003e0        0xc /tmp/ccwUfPS9.ltrans0.ltrans.o
 *fill*         0x00000000080003ec        0x4 
 .text.chMtxTryLock.constprop.53
                0x00000000080003f0       0x34 /tmp/ccwUfPS9.ltrans0.ltrans.o
 *fill*         0x0000000008000424        0xc 
 .text.chEvtGetAndClearEvents.constprop.43
                0x0000000008000430       0x1c /tmp/ccwUfPS9.ltrans0.ltrans.o
 *fill*         0x000000000800044c        0x4 
 .text._test_assert_time_window.constprop.2
                0x0000000008000450       0x34 /tmp/ccwUfPS9.ltrans0.ltrans.o
 *fill*         0x0000000008000484        0xc 
 .text.chCoreAllocAlignedWithOffset
                0x0000000008000490       0x44 /tmp/ccwUfPS9.ltrans0.ltrans.o
 *fill*         0x00000000080004d4        0xc 
 .text.notify2  0x00000000080004e0       0x10 /tmp/ccwUfPS9.ltrans0.ltrans.o
 .text.oslib_test_003_001_setup
                0x00000000080004f0       0x38 /tmp/ccwUfPS9.ltrans0.ltrans.o
 *fill*         0x0000000008000528        0x8 
 .text.oslib_test_002_003_setup
                0x0000000008000530       0x1c /tmp/ccwUfPS9.ltrans0.ltrans.o
 *fill*         0x000000000800054c        0x4 
 .text.oslib_test_002_002_setup
                0x0000000008000550        0x4 /tmp/ccwUfPS9.ltrans0.ltrans.o
 *fill*         0x0000000008000554        0xc 
 .text.null_provider
                0x0000000008000560        0x4 /tmp/ccwUfPS9.ltrans0.ltrans.o
 *fill*         0x0000000008000564        0xc 
 .text.oslib_test_002_001_setup
                0x0000000008000570       0x14 /tmp/ccwUfPS9.ltrans0.ltrans.o
 *fill*         0x0000000008000584        0xc 
 .text.oslib_test_001_003_setup
                0x0000000008000590       0x34 /tmp/ccwUfPS9.ltrans0.ltrans.o
 *fill*         0x00000000080005c4        0xc 
 .text.oslib_test_001_002_setup
                0x00000000080005d0        0x4 /tmp/ccwUfPS9.ltrans0.ltrans.o
 *fill*         0x00000000080005d4        0xc 
 .text.oslib_test_001_001_setup
                0x00000000080005e0        0x4 /tmp/ccwUfPS9.ltrans0.ltrans.o
 *fill*         0x00000000080005e4        0xc 
 .text.rt_test_010_011_setup
                0x00000000080005f0       0x10 /tmp/ccwUfPS9.ltrans0.ltrans.o
 .text.rt_test_010_010_setup
                0x0000000008000600       0x10 /tmp/ccwUfPS9.ltrans0.ltrans.o
 .text.tmo      0x0000000008000610        0x4 /tmp/ccwUfPS9.ltrans0.ltrans.o
 *fill*         0x0000000008000614        0xc 
 .text.rt_test_010_007_setup
                0x0000000008000620       0x10 /tmp/ccwUfPS9.ltrans0.ltrans.o
 .text.rt_test_009_002_setup
                0x0000000008000630       0x18 /tmp/ccwUfPS9.ltrans0.ltrans.o
 *fill*         0x0000000008000648        0x8 
 .text.rt_test_009_001_setup
                0x0000000008000650       0x38 /tmp/ccwUfPS9.ltrans0.ltrans.o
 *fill*         0x0000000008000688        0x8 
 .text.rt_test_008_007_setup
                0x0000000008000690       0x18 /tmp/ccwUfPS9.ltrans0.ltrans.o
 *fill*         0x00000000080006a8        0x8 
 .text.rt_test_008_006_setup
                0x00000000080006b0        0x4 /tmp/ccwUfPS9.ltrans0.ltrans.o
 *fill*         0x00000000080006b4        0xc 
 .text.rt_test_008_005_setup
                0x00000000080006c0        0x4 /tmp/ccwUfPS9.ltrans0.ltrans.o
 *fill*         0x00000000080006c4        0xc 
 .text.rt_test_008_004_setup
                0x00000000080006d0        0x4 /tmp/ccwUfPS9.ltrans0.ltrans.o
 *fill*         0x00000000080006d4        0xc 
 .text.rt_test_008_003_setup
                0x00000000080006e0        0x4 /tmp/ccwUfPS9.ltrans0.ltrans.o
 *fill*         0x00000000080006e4        0xc 
 .text.rt_test_008_002_setup
                0x00000000080006f0        0x4 /tmp/ccwUfPS9.ltrans0.ltrans.o
 *fill*         0x00000000080006f4        0xc 
 .text.rt_test_006_009_setup
                0x0000000008000700       0x28 /tmp/ccwUfPS9.ltrans0.ltrans.o
 *fill*         0x0000000008000728        0x8 
 .text.rt_test_006_008_setup
                0x0000000008000730       0x1c /tmp/ccwUfPS9.ltrans0.ltrans.o
 *fill*         0x000000000800074c        0x4 
 .text.rt_test_006_007_setup
                0x0000000008000750        0x4 /tmp/ccwUfPS9.ltrans0.ltrans.o
 *fill*         0x0000000008000754        0xc 
 .text.rt_test_006_005_setup
                0x0000000008000760       0x10 /tmp/ccwUfPS9.ltrans0.ltrans.o
 .text.rt_test_006_004_setup
                0x0000000008000770       0x1c /tmp/ccwUfPS9.ltrans0.ltrans.o
 *fill*         0x000000000800078c        0x4 
 .text.rt_test_006_001_setup
                0x0000000008000790        0x4 /tmp/ccwUfPS9.ltrans0.ltrans.o
 *fill*         0x0000000008000794        0xc 
 .text.rt_test_005_005_setup
                0x00000000080007a0       0x10 /tmp/ccwUfPS9.ltrans0.ltrans.o
 .text.rt_test_005_004_setup
                0x00000000080007b0        0x4 /tmp/ccwUfPS9.ltrans0.ltrans.o
 *fill*         0x00000000080007b4        0xc 
 .text.rt_test_005_003_setup
                0x00000000080007c0        0x4 /tmp/ccwUfPS9.ltrans0.ltrans.o
 *fill*         0x00000000080007c4        0xc 
 .text.rt_test_005_002_setup
                0x00000000080007d0        0x4 /tmp/ccwUfPS9.ltrans0.ltrans.o
 *fill*         0x00000000080007d4        0xc 
 .text.rt_test_005_001_setup
                0x00000000080007e0       0x10 /tmp/ccwUfPS9.ltrans0.ltrans.o
 .text.rt_test_004_001_setup
                0x00000000080007f0        0xc /tmp/ccwUfPS9.ltrans0.ltrans.o
 *fill*         0x00000000080007fc        0x4 
 .text._test_assert
                0x0000000008000800       0x28 /tmp/ccwUfPS9.ltrans0.ltrans.o
 *fill*         0x0000000008000828        0x8 
 .text.rt_test_002_004_execute
                0x0000000008000830       0x18 /tmp/ccwUfPS9.ltrans0.ltrans.o
 *fill*         0x0000000008000848        0x8 
 .text.rt_test_002_003_execute
                0x0000000008000850       0x24 /tmp/ccwUfPS9.ltrans0.ltrans.o
 *fill*         0x0000000008000874        0xc 
 .text.test_terminate_threads
                0x0000000008000880       0x34 /tmp/ccwUfPS9.ltrans0.ltrans.o
 *fill*         0x00000000080008b4        0xc 
 .text.test_printn.part.0
                0x00000000080008c0       0x58 /tmp/ccwUfPS9.ltrans0.ltrans.o
 *fill*         0x0000000008000918        0x8 
 .text.test_printn
                0x0000000008000920       0x18 /tmp/ccwUfPS9.ltrans0.ltrans.o
 *fill*         0x0000000008000938        0x8 
 .text.test_emit_token
                0x0000000008000940       0x28 /tmp/ccwUfPS9.ltrans0.ltrans.o
 *fill*         0x0000000008000968        0x8 
 .text.h3       0x0000000008000970        0x8 /tmp/ccwUfPS9.ltrans0.ltrans.o
 *fill*         0x0000000008000978        0x8 
 .text.h2       0x0000000008000980        0x8 /tmp/ccwUfPS9.ltrans0.ltrans.o
 *fill*         0x0000000008000988        0x8 
 .text.h1       0x0000000008000990        0x8 /tmp/ccwUfPS9.ltrans0.ltrans.o
 *fill*         0x0000000008000998        0x8 
 .text.thread   0x00000000080009a0        0x8 /tmp/ccwUfPS9.ltrans0.ltrans.o
 *fill*         0x00000000080009a8        0x8 
 .text.dyn_thread1
                0x00000000080009b0        0x4 /tmp/ccwUfPS9.ltrans0.ltrans.o
 *fill*         0x00000000080009b4        0xc 
 .text.test_println
                0x00000000080009c0       0x38 /tmp/ccwUfPS9.ltrans0.ltrans.o
 *fill*         0x00000000080009f8        0x8 
 .text.test_print
                0x0000000008000a00       0x24 /tmp/ccwUfPS9.ltrans0.ltrans.o
 *fill*         0x0000000008000a24        0xc 
 .text._test_assert_sequence
                0x0000000008000a30       0x4c /tmp/ccwUfPS9.ltrans0.ltrans.o
 *fill*         0x0000000008000a7c        0x4 
 .text.rt_test_008_002_execute
                0x0000000008000a80       0x50 /tmp/ccwUfPS9.ltrans0.ltrans.o
 .text.print_line
                0x0000000008000ad0       0x2c /tmp/ccwUfPS9.ltrans0.ltrans.o
 *fill*         0x0000000008000afc        0x4 
 .text._port_irq_epilogue
                0x0000000008000b00       0x54 /tmp/ccwUfPS9.ltrans0.ltrans.o
 *fill*         0x0000000008000b54        0xc 
 .text.chCoreAllocAlignedI
                0x0000000008000b60       0x34 /tmp/ccwUfPS9.ltrans0.ltrans.o
 *fill*         0x0000000008000b94        0xc 
 .text.chPoolAlloc
                0x0000000008000ba0       0x30 /tmp/ccwUfPS9.ltrans0.ltrans.o
 .text.oslib_test_002_001_execute
                0x0000000008000bd0      0x10c /tmp/ccwUfPS9.ltrans0.ltrans.o
 *fill*         0x0000000008000cdc        0x4 
 .text.chEvtAddEvents
                0x0000000008000ce0       0x1c /tmp/ccwUfPS9.ltrans0.ltrans.o
 *fill*         0x0000000008000cfc        0x4 
 .text.chEvtUnregister
                0x0000000008000d00       0x2c /tmp/ccwUfPS9.ltrans0.ltrans.o
 *fill*         0x0000000008000d2c        0x4 
 .text.rt_test_008_001_execute
                0x0000000008000d30       0xf4 /tmp/ccwUfPS9.ltrans0.ltrans.o
 *fill*         0x0000000008000e24        0xc 
 .text.chTMStopMeasurementX
                0x0000000008000e30       0x44 /tmp/ccwUfPS9.ltrans0.ltrans.o
 *fill*         0x0000000008000e74        0xc 
 .text.chThdCreateSuspendedI
                0x0000000008000e80       0x78 /tmp/ccwUfPS9.ltrans0.ltrans.o
 *fill*         0x0000000008000ef8        0x8 
 .text.wakeup   0x0000000008000f00       0x70 /tmp/ccwUfPS9.ltrans0.ltrans.o
 .text.chSchReadyI
                0x0000000008000f70       0x28 /tmp/ccwUfPS9.ltrans0.ltrans.o
 *fill*         0x0000000008000f98        0x8 
 .text.chThdDequeueNextI.constprop.75
                0x0000000008000fa0       0x18 /tmp/ccwUfPS9.ltrans0.ltrans.o
 *fill*         0x0000000008000fb8        0x8 
 .text.chMBPostI.constprop.26
                0x0000000008000fc0       0x48 /tmp/ccwUfPS9.ltrans0.ltrans.o
 *fill*         0x0000000008001008        0x8 
 .text.chMBPostAheadI.constprop.23
                0x0000000008001010       0x48 /tmp/ccwUfPS9.ltrans0.ltrans.o
 *fill*         0x0000000008001058        0x8 
 .text.chMBFetchI.constprop.20
                0x0000000008001060       0x48 /tmp/ccwUfPS9.ltrans0.ltrans.o
 *fill*         0x00000000080010a8        0x8 
 .text.chThdDequeueAllI.constprop.59
                0x00000000080010b0       0x24 /tmp/ccwUfPS9.ltrans0.ltrans.o
 *fill*         0x00000000080010d4        0xc 
 .text.chCondSignalI.constprop.50
                0x00000000080010e0       0x24 /tmp/ccwUfPS9.ltrans0.ltrans.o
 *fill*         0x0000000008001104        0xc 
 .text.chEvtSignalI
                0x0000000008001110       0x2c /tmp/ccwUfPS9.ltrans0.ltrans.o
 *fill*         0x000000000800113c        0x4 
 .text.chEvtBroadcastFlagsI
                0x0000000008001140       0x2c /tmp/ccwUfPS9.ltrans0.ltrans.o
 *fill*         0x000000000800116c        0x4 
 .text.chMtxUnlockS
                0x0000000008001170       0x50 /tmp/ccwUfPS9.ltrans0.ltrans.o
 .text.chSemSignalI
                0x00000000080011c0       0x20 /tmp/ccwUfPS9.ltrans0.ltrans.o
 .text.chVTDoResetI
                0x00000000080011e0       0x74 /tmp/ccwUfPS9.ltrans0.ltrans.o
 *fill*         0x0000000008001254        0xc 
 .text.chVTDoSetI
                0x0000000008001260       0x84 /tmp/ccwUfPS9.ltrans0.ltrans.o
 *fill*         0x00000000080012e4        0xc 
 .text.chSysGetStatusAndLockX.part.1
                0x00000000080012f0        0xc /tmp/ccwUfPS9.ltrans0.ltrans.o
 *fill*         0x00000000080012fc        0x4 
 .text.chSysIntegrityCheckI
                0x0000000008001300       0xb0 /tmp/ccwUfPS9.ltrans0.ltrans.o
 .text.rt_test_002_001_execute
                0x00000000080013b0       0xa8 /tmp/ccwUfPS9.ltrans0.ltrans.o
 *fill*         0x0000000008001458        0x8 
 .text._idle_thread
                0x0000000008001460        0x4 /tmp/ccwUfPS9.ltrans0.ltrans.o
 *fill*         0x0000000008001464        0xc 
 .text._ctl     0x0000000008001470        0x4 /tmp/ccwUfPS9.ltrans0.ltrans.o
 *fill*         0x0000000008001474        0xc 
 .text.rt_test_010_012_execute
                0x0000000008001480       0xfc /tmp/ccwUfPS9.ltrans0.ltrans.o
 *fill*         0x000000000800157c        0x4 
 .text.rt_test_001_003_execute
                0x0000000008001580      0x3e0 /tmp/ccwUfPS9.ltrans0.ltrans.o
 .text.rt_test_001_002_execute
                0x0000000008001960       0x8c /tmp/ccwUfPS9.ltrans0.ltrans.o
 *fill*         0x00000000080019ec        0x4 
 .text.rt_test_001_001_execute
                0x00000000080019f0       0xa8 /tmp/ccwUfPS9.ltrans0.ltrans.o
 *fill*         0x0000000008001a98        0x8 
 .text.dyn_find_object
                0x0000000008001aa0       0x34 /tmp/ccwUfPS9.ltrans0.ltrans.o
 *fill*         0x0000000008001ad4        0xc 
 .text.dyn_create_object_pool
                0x0000000008001ae0       0x50 /tmp/ccwUfPS9.ltrans0.ltrans.o
 .text.chThdYield
                0x0000000008001b30       0x58 /tmp/ccwUfPS9.ltrans0.ltrans.o
 *fill*         0x0000000008001b88        0x8 
 .text.bmk_thread8
                0x0000000008001b90       0x2c /tmp/ccwUfPS9.ltrans0.ltrans.o
 *fill*         0x0000000008001bbc        0x4 
 .text.chSchWakeupS
                0x0000000008001bc0       0x60 /tmp/ccwUfPS9.ltrans0.ltrans.o
 .text.chThdCreateStatic.constprop.62
                0x0000000008001c20       0x8c /tmp/ccwUfPS9.ltrans0.ltrans.o
 *fill*         0x0000000008001cac        0x4 
 .text.chCondSignal.constprop.51
                0x0000000008001cb0       0x28 /tmp/ccwUfPS9.ltrans0.ltrans.o
 *fill*         0x0000000008001cd8        0x8 
 .text.chThdCreateFromMemoryPool.constprop.31
                0x0000000008001ce0       0x5c /tmp/ccwUfPS9.ltrans0.ltrans.o
 *fill*         0x0000000008001d3c        0x4 
 .text.chSemSignal
                0x0000000008001d40       0x34 /tmp/ccwUfPS9.ltrans0.ltrans.o
 *fill*         0x0000000008001d74        0xc 
 .text.chSchGoSleepS
                0x0000000008001d80       0x28 /tmp/ccwUfPS9.ltrans0.ltrans.o
 *fill*         0x0000000008001da8        0x8 
 .text.chEvtWaitOne.constprop.39
                0x0000000008001db0       0x34 /tmp/ccwUfPS9.ltrans0.ltrans.o
 *fill*         0x0000000008001de4        0xc 
 .text.chEvtWaitAny.constprop.38
                0x0000000008001df0       0x2c /tmp/ccwUfPS9.ltrans0.ltrans.o
 *fill*         0x0000000008001e1c        0x4 
 .text.chEvtWaitAll.constprop.37
                0x0000000008001e20       0x38 /tmp/ccwUfPS9.ltrans0.ltrans.o
 *fill*         0x0000000008001e58        0x8 
 .text.bmk_thread4
                0x0000000008001e60       0x24 /tmp/ccwUfPS9.ltrans0.ltrans.o
 *fill*         0x0000000008001e84        0xc 
 .text.chSchGoSleepTimeoutS
                0x0000000008001e90       0x44 /tmp/ccwUfPS9.ltrans0.ltrans.o
 *fill*         0x0000000008001ed4        0xc 
 .text.chSemWaitTimeout.constprop.58
                0x0000000008001ee0       0x50 /tmp/ccwUfPS9.ltrans0.ltrans.o
 .text.chGuardedPoolAllocTimeout.constprop.15
                0x0000000008001f30       0x68 /tmp/ccwUfPS9.ltrans0.ltrans.o
 *fill*         0x0000000008001f98        0x8 
 .text.oslib_test_002_003_execute
                0x0000000008001fa0       0x28 /tmp/ccwUfPS9.ltrans0.ltrans.o
 *fill*         0x0000000008001fc8        0x8 
 .text.rt_test_008_006_execute
                0x0000000008001fd0      0x16c /tmp/ccwUfPS9.ltrans0.ltrans.o
 *fill*         0x000000000800213c        0x4 
 .text.chThdEnqueueTimeoutS
                0x0000000008002140       0x28 /tmp/ccwUfPS9.ltrans0.ltrans.o
 *fill*         0x0000000008002168        0x8 
 .text.oqPutTimeout
                0x0000000008002170       0x50 /tmp/ccwUfPS9.ltrans0.ltrans.o
 .text._putt    0x00000000080021c0        0x8 /tmp/ccwUfPS9.ltrans0.ltrans.o
 *fill*         0x00000000080021c8        0x8 
 .text._put     0x00000000080021d0        0xc /tmp/ccwUfPS9.ltrans0.ltrans.o
 *fill*         0x00000000080021dc        0x4 
 .text.iqGetTimeout
                0x00000000080021e0       0x54 /tmp/ccwUfPS9.ltrans0.ltrans.o
 *fill*         0x0000000008002234        0xc 
 .text._gett    0x0000000008002240        0x8 /tmp/ccwUfPS9.ltrans0.ltrans.o
 *fill*         0x0000000008002248        0x8 
 .text._get     0x0000000008002250        0xc /tmp/ccwUfPS9.ltrans0.ltrans.o
 *fill*         0x000000000800225c        0x4 
 .text.chThdSleep
                0x0000000008002260       0x18 /tmp/ccwUfPS9.ltrans0.ltrans.o
 *fill*         0x0000000008002278        0x8 
 .text.test_execute.constprop.1
                0x0000000008002280      0x350 /tmp/ccwUfPS9.ltrans0.ltrans.o
 .text.Thread1  0x00000000080025d0       0x34 /tmp/ccwUfPS9.ltrans0.ltrans.o
 *fill*         0x0000000008002604        0xc 
 .text.rt_test_003_001_execute
                0x0000000008002610       0xb4 /tmp/ccwUfPS9.ltrans0.ltrans.o
 *fill*         0x00000000080026c4        0xc 
 .text.test_wait_tick
                0x00000000080026d0       0x1c /tmp/ccwUfPS9.ltrans0.ltrans.o
 *fill*         0x00000000080026ec        0x4 
 .text.rt_test_010_009_execute
                0x00000000080026f0       0x9c /tmp/ccwUfPS9.ltrans0.ltrans.o
 *fill*         0x000000000800278c        0x4 
 .text.chMsgWait
                0x0000000008002790       0x40 /tmp/ccwUfPS9.ltrans0.ltrans.o
 .text.bmk_thread1
                0x00000000080027d0       0x20 /tmp/ccwUfPS9.ltrans0.ltrans.o
 .text.chMsgSend
                0x00000000080027f0       0x40 /tmp/ccwUfPS9.ltrans0.ltrans.o
 .text.msg_loop_test
                0x0000000008002830       0x3c /tmp/ccwUfPS9.ltrans0.ltrans.o
 *fill*         0x000000000800286c        0x4 
 .text.msg_thread1
                0x0000000008002870       0x28 /tmp/ccwUfPS9.ltrans0.ltrans.o
 *fill*         0x0000000008002898        0x8 
 .text.chMtxLockS
                0x00000000080028a0       0xe4 /tmp/ccwUfPS9.ltrans0.ltrans.o
 *fill*         0x0000000008002984        0xc 
 .text.chMtxLock
                0x0000000008002990       0x14 /tmp/ccwUfPS9.ltrans0.ltrans.o
 *fill*         0x00000000080029a4        0xc 
 .text.chSemWait
                0x00000000080029b0       0x44 /tmp/ccwUfPS9.ltrans0.ltrans.o
 *fill*         0x00000000080029f4        0xc 
 .text.rt_test_010_010_execute
                0x0000000008002a00       0x8c /tmp/ccwUfPS9.ltrans0.ltrans.o
 *fill*         0x0000000008002a8c        0x4 
 .text.bmk_thread7
                0x0000000008002a90       0x2c /tmp/ccwUfPS9.ltrans0.ltrans.o
 *fill*         0x0000000008002abc        0x4 
 .text.thread3  0x0000000008002ac0       0x18 /tmp/ccwUfPS9.ltrans0.ltrans.o
 *fill*         0x0000000008002ad8        0x8 
 .text.thread1.lto_priv.84
                0x0000000008002ae0       0x18 /tmp/ccwUfPS9.ltrans0.ltrans.o
 *fill*         0x0000000008002af8        0x8 
 .text.oqWriteTimeout
                0x0000000008002b00       0xcc /tmp/ccwUfPS9.ltrans0.ltrans.o
 *fill*         0x0000000008002bcc        0x4 
 .text._writet  0x0000000008002bd0        0x8 /tmp/ccwUfPS9.ltrans0.ltrans.o
 *fill*         0x0000000008002bd8        0x8 
 .text._write   0x0000000008002be0        0xc /tmp/ccwUfPS9.ltrans0.ltrans.o
 *fill*         0x0000000008002bec        0x4 
 .text.iqReadTimeout
                0x0000000008002bf0       0xcc /tmp/ccwUfPS9.ltrans0.ltrans.o
 *fill*         0x0000000008002cbc        0x4 
 .text._readt   0x0000000008002cc0        0x8 /tmp/ccwUfPS9.ltrans0.ltrans.o
 *fill*         0x0000000008002cc8        0x8 
 .text._read    0x0000000008002cd0        0xc /tmp/ccwUfPS9.ltrans0.ltrans.o
 *fill*         0x0000000008002cdc        0x4 
 .text.startup.main
                0x0000000008002ce0      0x414 /tmp/ccwUfPS9.ltrans0.ltrans.o
                0x0000000008002ce0                main
 *fill*         0x00000000080030f4        0xc 
 .text.SVC_Handler
                0x0000000008003100       0x14 /tmp/ccwUfPS9.ltrans0.ltrans.o
                0x0000000008003100                SVC_Handler
 *fill*         0x0000000008003114        0xc 
 .text.chThdExit
                0x0000000008003120       0x50 /tmp/ccwUfPS9.ltrans0.ltrans.o
                0x0000000008003120                chThdExit
 .text.bmk_thread3
                0x0000000008003170        0x4 /tmp/ccwUfPS9.ltrans0.ltrans.o
 *fill*         0x0000000008003174        0xc 
 .text.chSchDoRescheduleAhead
                0x0000000008003180       0x40 /tmp/ccwUfPS9.ltrans0.ltrans.o
                0x0000000008003180                chSchDoReschedule
 .text.chSchRescheduleS
                0x00000000080031c0       0x18 /tmp/ccwUfPS9.ltrans0.ltrans.o
 *fill*         0x00000000080031d8        0x8 
 .text.chSemSignalWait.constprop.55
                0x00000000080031e0       0x68 /tmp/ccwUfPS9.ltrans0.ltrans.o
 *fill*         0x0000000008003248        0x8 
 .text.rt_test_005_005_execute
                0x0000000008003250       0x9c /tmp/ccwUfPS9.ltrans0.ltrans.o
 *fill*         0x00000000080032ec        0x4 
 .text.chMBReset.constprop.29
                0x00000000080032f0       0x38 /tmp/ccwUfPS9.ltrans0.ltrans.o
 *fill*         0x0000000008003328        0x8 
 .text.oslib_test_001_003_teardown
                0x0000000008003330        0x4 /tmp/ccwUfPS9.ltrans0.ltrans.o
 *fill*         0x0000000008003334        0xc 
 .text.oslib_test_001_002_teardown
                0x0000000008003340        0x4 /tmp/ccwUfPS9.ltrans0.ltrans.o
 *fill*         0x0000000008003344        0xc 
 .text.oslib_test_001_001_teardown
                0x0000000008003350        0x4 /tmp/ccwUfPS9.ltrans0.ltrans.o
 *fill*         0x0000000008003354        0xc 
 .text.chMBPostTimeout.constprop.27
                0x0000000008003360       0x78 /tmp/ccwUfPS9.ltrans0.ltrans.o
 *fill*         0x00000000080033d8        0x8 
 .text.chMBPostAheadTimeout.constprop.24
                0x00000000080033e0       0x78 /tmp/ccwUfPS9.ltrans0.ltrans.o
 *fill*         0x0000000008003458        0x8 
 .text.chMBFetchTimeout.constprop.21
                0x0000000008003460       0x6c /tmp/ccwUfPS9.ltrans0.ltrans.o
 *fill*         0x00000000080034cc        0x4 
 .text.oslib_test_001_003_execute
                0x00000000080034d0      0x110 /tmp/ccwUfPS9.ltrans0.ltrans.o
 .text.oslib_test_001_002_execute
                0x00000000080035e0      0x2f0 /tmp/ccwUfPS9.ltrans0.ltrans.o
 .text.oslib_test_001_001_execute
                0x00000000080038d0      0x30c /tmp/ccwUfPS9.ltrans0.ltrans.o
 *fill*         0x0000000008003bdc        0x4 
 .text.oslib_test_002_002_execute
                0x0000000008003be0      0x100 /tmp/ccwUfPS9.ltrans0.ltrans.o
 .text.evt_thread7
                0x0000000008003ce0       0x40 /tmp/ccwUfPS9.ltrans0.ltrans.o
 .text.evt_thread3
                0x0000000008003d20       0x28 /tmp/ccwUfPS9.ltrans0.ltrans.o
 *fill*         0x0000000008003d48        0x8 
 .text.thread4B
                0x0000000008003d50       0x30 /tmp/ccwUfPS9.ltrans0.ltrans.o
 .text.thread2  0x0000000008003d80       0x28 /tmp/ccwUfPS9.ltrans0.ltrans.o
 *fill*         0x0000000008003da8        0x8 
 .text.thread4  0x0000000008003db0       0x2c /tmp/ccwUfPS9.ltrans0.ltrans.o
 *fill*         0x0000000008003ddc        0x4 
 .text.thread1.lto_priv.83
                0x0000000008003de0       0x34 /tmp/ccwUfPS9.ltrans0.ltrans.o
 *fill*         0x0000000008003e14        0xc 
 .text.chMtxUnlock
                0x0000000008003e20       0x64 /tmp/ccwUfPS9.ltrans0.ltrans.o
 *fill*         0x0000000008003e84        0xc 
 .text.chHeapAllocAligned.constprop.33
                0x0000000008003e90       0xe8 /tmp/ccwUfPS9.ltrans0.ltrans.o
 *fill*         0x0000000008003f78        0x8 
 .text.chThdCreateFromHeap.constprop.32
                0x0000000008003f80       0x58 /tmp/ccwUfPS9.ltrans0.ltrans.o
 *fill*         0x0000000008003fd8        0x8 
 .text.dyn_create_object_heap
                0x0000000008003fe0       0x50 /tmp/ccwUfPS9.ltrans0.ltrans.o
 .text.chFactoryRegisterObject.constprop.12
                0x0000000008004030       0x30 /tmp/ccwUfPS9.ltrans0.ltrans.o
 .text.chFactoryFindObject.constprop.11
                0x0000000008004060       0x28 /tmp/ccwUfPS9.ltrans0.ltrans.o
 *fill*         0x0000000008004088        0x8 
 .text.chFactoryCreateBuffer.constprop.10
                0x0000000008004090       0x38 /tmp/ccwUfPS9.ltrans0.ltrans.o
 *fill*         0x00000000080040c8        0x8 
 .text.chFactoryFindBuffer.constprop.9
                0x00000000080040d0       0x28 /tmp/ccwUfPS9.ltrans0.ltrans.o
 *fill*         0x00000000080040f8        0x8 
 .text.chFactoryCreateSemaphore.constprop.8
                0x0000000008004100       0x38 /tmp/ccwUfPS9.ltrans0.ltrans.o
 *fill*         0x0000000008004138        0x8 
 .text.chFactoryFindSemaphore.constprop.7
                0x0000000008004140       0x28 /tmp/ccwUfPS9.ltrans0.ltrans.o
 *fill*         0x0000000008004168        0x8 
 .text.chFactoryCreateMailbox.constprop.6
                0x0000000008004170       0x54 /tmp/ccwUfPS9.ltrans0.ltrans.o
 *fill*         0x00000000080041c4        0xc 
 .text.chFactoryFindMailbox.constprop.5
                0x00000000080041d0       0x28 /tmp/ccwUfPS9.ltrans0.ltrans.o
 *fill*         0x00000000080041f8        0x8 
 .text.chFactoryCreateObjectsFIFO.constprop.4
                0x0000000008004200       0x9c /tmp/ccwUfPS9.ltrans0.ltrans.o
 *fill*         0x000000000800429c        0x4 
 .text.chFactoryFindObjectsFIFO.constprop.3
                0x00000000080042a0       0x28 /tmp/ccwUfPS9.ltrans0.ltrans.o
 *fill*         0x00000000080042c8        0x8 
 .text.rt_test_010_011_execute
                0x00000000080042d0       0x8c /tmp/ccwUfPS9.ltrans0.ltrans.o
 *fill*         0x000000000800435c        0x4 
 .text.thread8  0x0000000008004360       0x84 /tmp/ccwUfPS9.ltrans0.ltrans.o
 *fill*         0x00000000080043e4        0xc 
 .text.thread6  0x00000000080043f0       0x6c /tmp/ccwUfPS9.ltrans0.ltrans.o
 *fill*         0x000000000800445c        0x4 
 .text.thread9  0x0000000008004460       0x20 /tmp/ccwUfPS9.ltrans0.ltrans.o
 .text.rt_test_006_005_execute
                0x0000000008004480      0x160 /tmp/ccwUfPS9.ltrans0.ltrans.o
 .text.rt_test_006_004_execute
                0x00000000080045e0      0x138 /tmp/ccwUfPS9.ltrans0.ltrans.o
 *fill*         0x0000000008004718        0x8 
 .text.thread4A
                0x0000000008004720       0x20 /tmp/ccwUfPS9.ltrans0.ltrans.o
 .text.thread1.lto_priv.85
                0x0000000008004740       0x20 /tmp/ccwUfPS9.ltrans0.ltrans.o
 .text.chFactoryReleaseSemaphore
                0x0000000008004760       0x64 /tmp/ccwUfPS9.ltrans0.ltrans.o
 *fill*         0x00000000080047c4        0xc 
 .text.oslib_test_004_003_execute
                0x00000000080047d0      0x128 /tmp/ccwUfPS9.ltrans0.ltrans.o
 *fill*         0x00000000080048f8        0x8 
 .text.oslib_test_004_003_teardown
                0x0000000008004900       0x1c /tmp/ccwUfPS9.ltrans0.ltrans.o
 *fill*         0x000000000800491c        0x4 
 .text.chFactoryReleaseObject
                0x0000000008004920       0x64 /tmp/ccwUfPS9.ltrans0.ltrans.o
 *fill*         0x0000000008004984        0xc 
 .text.oslib_test_004_001_execute
                0x0000000008004990      0x174 /tmp/ccwUfPS9.ltrans0.ltrans.o
 *fill*         0x0000000008004b04        0xc 
 .text.oslib_test_004_001_teardown
                0x0000000008004b10       0x1c /tmp/ccwUfPS9.ltrans0.ltrans.o
 *fill*         0x0000000008004b2c        0x4 
 .text.chHeapStatus
                0x0000000008004b30       0x68 /tmp/ccwUfPS9.ltrans0.ltrans.o
 *fill*         0x0000000008004b98        0x8 
 .text.chHeapFree
                0x0000000008004ba0       0x98 /tmp/ccwUfPS9.ltrans0.ltrans.o
 *fill*         0x0000000008004c38        0x8 
 .text.oslib_test_003_002_execute
                0x0000000008004c40       0x64 /tmp/ccwUfPS9.ltrans0.ltrans.o
 *fill*         0x0000000008004ca4        0xc 
 .text.oslib_test_003_001_execute
                0x0000000008004cb0      0x32c /tmp/ccwUfPS9.ltrans0.ltrans.o
 *fill*         0x0000000008004fdc        0x4 
 .text.dyn_release_object_heap.part.3
                0x0000000008004fe0       0x20 /tmp/ccwUfPS9.ltrans0.ltrans.o
 .text.chFactoryReleaseObjectsFIFO
                0x0000000008005000       0x2c /tmp/ccwUfPS9.ltrans0.ltrans.o
 *fill*         0x000000000800502c        0x4 
 .text.oslib_test_004_005_execute
                0x0000000008005030      0x128 /tmp/ccwUfPS9.ltrans0.ltrans.o
 *fill*         0x0000000008005158        0x8 
 .text.oslib_test_004_005_teardown
                0x0000000008005160       0x1c /tmp/ccwUfPS9.ltrans0.ltrans.o
 *fill*         0x000000000800517c        0x4 
 .text.chFactoryReleaseMailbox
                0x0000000008005180       0x2c /tmp/ccwUfPS9.ltrans0.ltrans.o
 *fill*         0x00000000080051ac        0x4 
 .text.oslib_test_004_004_execute
                0x00000000080051b0      0x128 /tmp/ccwUfPS9.ltrans0.ltrans.o
 *fill*         0x00000000080052d8        0x8 
 .text.oslib_test_004_004_teardown
                0x00000000080052e0       0x1c /tmp/ccwUfPS9.ltrans0.ltrans.o
 *fill*         0x00000000080052fc        0x4 
 .text.chFactoryReleaseBuffer
                0x0000000008005300       0x2c /tmp/ccwUfPS9.ltrans0.ltrans.o
 *fill*         0x000000000800532c        0x4 
 .text.oslib_test_004_002_execute
                0x0000000008005330      0x128 /tmp/ccwUfPS9.ltrans0.ltrans.o
 *fill*         0x0000000008005458        0x8 
 .text.oslib_test_004_002_teardown
                0x0000000008005460       0x1c /tmp/ccwUfPS9.ltrans0.ltrans.o
 *fill*         0x000000000800547c        0x4 
 .text.chThdRelease
                0x0000000008005480       0x64 /tmp/ccwUfPS9.ltrans0.ltrans.o
 *fill*         0x00000000080054e4        0xc 
 .text.rt_test_010_006_execute
                0x00000000080054f0       0x7c /tmp/ccwUfPS9.ltrans0.ltrans.o
 *fill*         0x000000000800556c        0x4 
 .text.chThdWait
                0x0000000008005570       0x38 /tmp/ccwUfPS9.ltrans0.ltrans.o
 *fill*         0x00000000080055a8        0x8 
 .text.rt_test_010_005_execute
                0x00000000080055b0       0x7c /tmp/ccwUfPS9.ltrans0.ltrans.o
 *fill*         0x000000000800562c        0x4 
 .text.test_wait_threads
                0x0000000008005630       0x24 /tmp/ccwUfPS9.ltrans0.ltrans.o
 *fill*         0x0000000008005654        0xc 
 .text.rt_test_010_008_execute
                0x0000000008005660       0xe4 /tmp/ccwUfPS9.ltrans0.ltrans.o
 *fill*         0x0000000008005744        0xc 
 .text.rt_test_010_004_execute
                0x0000000008005750       0xcc /tmp/ccwUfPS9.ltrans0.ltrans.o
 *fill*         0x000000000800581c        0x4 
 .text.rt_test_010_003_execute
                0x0000000008005820       0xdc /tmp/ccwUfPS9.ltrans0.ltrans.o
 *fill*         0x00000000080058fc        0x4 
 .text.rt_test_010_002_execute
                0x0000000008005900       0x74 /tmp/ccwUfPS9.ltrans0.ltrans.o
 *fill*         0x0000000008005974        0xc 
 .text.rt_test_010_001_execute
                0x0000000008005980       0x74 /tmp/ccwUfPS9.ltrans0.ltrans.o
 *fill*         0x00000000080059f4        0xc 
 .text.rt_test_009_002_execute
                0x0000000008005a00      0x150 /tmp/ccwUfPS9.ltrans0.ltrans.o
 .text.rt_test_009_001_execute
                0x0000000008005b50      0x148 /tmp/ccwUfPS9.ltrans0.ltrans.o
 *fill*         0x0000000008005c98        0x8 
 .text.rt_test_008_007_execute
                0x0000000008005ca0      0x120 /tmp/ccwUfPS9.ltrans0.ltrans.o
 .text.rt_test_008_005_execute
                0x0000000008005dc0       0xc8 /tmp/ccwUfPS9.ltrans0.ltrans.o
 *fill*         0x0000000008005e88        0x8 
 .text.rt_test_008_004_execute
                0x0000000008005e90       0xc4 /tmp/ccwUfPS9.ltrans0.ltrans.o
 *fill*         0x0000000008005f54        0xc 
 .text.rt_test_008_003_execute
                0x0000000008005f60       0xf4 /tmp/ccwUfPS9.ltrans0.ltrans.o
 *fill*         0x0000000008006054        0xc 
 .text.rt_test_007_001_execute
                0x0000000008006060       0x70 /tmp/ccwUfPS9.ltrans0.ltrans.o
 .text.rt_test_006_009_execute
                0x00000000080060d0       0xa4 /tmp/ccwUfPS9.ltrans0.ltrans.o
 *fill*         0x0000000008006174        0xc 
 .text.rt_test_006_008_execute
                0x0000000008006180       0xe0 /tmp/ccwUfPS9.ltrans0.ltrans.o
 .text.rt_test_006_007_execute
                0x0000000008006260       0xd4 /tmp/ccwUfPS9.ltrans0.ltrans.o
 *fill*         0x0000000008006334        0xc 
 .text.rt_test_005_006_teardown
                0x0000000008006340        0x4 /tmp/ccwUfPS9.ltrans0.ltrans.o
 *fill*         0x0000000008006344        0xc 
 .text.rt_test_006_004_teardown
                0x0000000008006350        0x4 /tmp/ccwUfPS9.ltrans0.ltrans.o
 *fill*         0x0000000008006354        0xc 
 .text.rt_test_006_001_execute
                0x0000000008006360       0xdc /tmp/ccwUfPS9.ltrans0.ltrans.o
 *fill*         0x000000000800643c        0x4 
 .text.rt_test_005_005_teardown
                0x0000000008006440        0x4 /tmp/ccwUfPS9.ltrans0.ltrans.o
 *fill*         0x0000000008006444        0xc 
 .text.rt_test_005_004_execute
                0x0000000008006450       0xb4 /tmp/ccwUfPS9.ltrans0.ltrans.o
 *fill*         0x0000000008006504        0xc 
 .text.rt_test_005_003_execute
                0x0000000008006510      0x160 /tmp/ccwUfPS9.ltrans0.ltrans.o
 .text.rt_test_005_002_execute
                0x0000000008006670       0xf0 /tmp/ccwUfPS9.ltrans0.ltrans.o
 .text.rt_test_004_001_execute
                0x0000000008006760       0xec /tmp/ccwUfPS9.ltrans0.ltrans.o
 *fill*         0x000000000800684c        0x4 
 .text.rt_test_003_002_execute
                0x0000000008006850      0x194 /tmp/ccwUfPS9.ltrans0.ltrans.o
 *fill*         0x00000000080069e4        0xc 
 .text.chSemReset
                0x00000000080069f0       0x38 /tmp/ccwUfPS9.ltrans0.ltrans.o
 *fill*         0x0000000008006a28        0x8 
 .text.rt_test_010_007_execute
                0x0000000008006a30      0x110 /tmp/ccwUfPS9.ltrans0.ltrans.o
 .text.rt_test_005_006_execute
                0x0000000008006b40      0x1b0 /tmp/ccwUfPS9.ltrans0.ltrans.o
 .text.rt_test_005_001_execute
                0x0000000008006cf0       0xbc /tmp/ccwUfPS9.ltrans0.ltrans.o
 *fill*         0x0000000008006dac        0x4 
 .text.rt_test_005_001_teardown
                0x0000000008006db0        0xc /tmp/ccwUfPS9.ltrans0.ltrans.o
 *fill*         0x0000000008006dbc        0x4 
 .text.chThdSetPriority
                0x0000000008006dc0       0x30 /tmp/ccwUfPS9.ltrans0.ltrans.o
 .text.rt_test_003_004_execute
                0x0000000008006df0       0xdc /tmp/ccwUfPS9.ltrans0.ltrans.o
 *fill*         0x0000000008006ecc        0x4 
 .text.rt_test_003_003_execute
                0x0000000008006ed0       0x88 /tmp/ccwUfPS9.ltrans0.ltrans.o
 *fill*         0x0000000008006f58        0x8 
 .text.chSysRestoreStatusX.part.2
                0x0000000008006f60       0x20 /tmp/ccwUfPS9.ltrans0.ltrans.o
 .text.rt_test_002_002_execute
                0x0000000008006f80       0xd4 /tmp/ccwUfPS9.ltrans0.ltrans.o
 *fill*         0x0000000008007054        0xc 
 .text.vtcb     0x0000000008007060       0x28 /tmp/ccwUfPS9.ltrans0.ltrans.o
 *fill*         0x0000000008007088        0x8 
 .text.__early_init
                0x0000000008007090      0x1cc /tmp/ccwUfPS9.ltrans0.ltrans.o
                0x0000000008007090                __early_init
 *fill*         0x000000000800725c        0x4 
 .text.VectorD8
                0x0000000008007260      0x174 /tmp/ccwUfPS9.ltrans0.ltrans.o
                0x0000000008007260                VectorD8
 *fill*         0x00000000080073d4        0xc 
 .text.VectorB0
                0x00000000080073e0       0x9c /tmp/ccwUfPS9.ltrans0.ltrans.o
                0x00000000080073e0                VectorB0
 *fill*         0x000000000800747c        0x4 
 .text.__init_ram_areas
                0x0000000008007480       0x68 /tmp/ccwUfPS9.ltrans0.ltrans.o
                0x0000000008007480                __init_ram_areas
 *fill*         0x00000000080074e8        0x8 
 .text.__default_exit
                0x00000000080074f0        0x4 /tmp/ccwUfPS9.ltrans0.ltrans.o
                0x00000000080074f0                __default_exit
 *fill*         0x00000000080074f4        0xc 
 .text.__late_init
                0x0000000008007500        0x4 /tmp/ccwUfPS9.ltrans0.ltrans.o
                0x0000000008007500                __late_init
 *fill*         0x0000000008007504        0xc 
 .text.__core_init
                0x0000000008007510        0x4 /tmp/ccwUfPS9.ltrans0.ltrans.o
                0x0000000008007510                __core_init
 .text.memset   0x0000000008007514       0x94 /usr/bin/../lib/gcc/arm-none-eabi/7.3.1/../../../../arm-none-eabi/lib/thumb/v7e-m/libg.a(lib_a-memset.o)
                0x0000000008007514                memset
 .text.strncmp  0x00000000080075a8       0x98 /usr/bin/../lib/gcc/arm-none-eabi/7.3.1/../../../../arm-none-eabi/lib/thumb/v7e-m/libg.a(lib_a-strncmp.o)
                0x00000000080075a8                strncmp
 .text.strncpy  0x0000000008007640       0x64 /usr/bin/../lib/gcc/arm-none-eabi/7.3.1/../../../../arm-none-eabi/lib/thumb/v7e-m/libg.a(lib_a-strncpy.o)
                0x0000000008007640                strncpy
 *(.glue_7t)
 .glue_7t       0x00000000080076a4        0x0 linker stubs
 *(.glue_7)
 .glue_7        0x00000000080076a4        0x0 linker stubs
 *(.gcc*)

.vfp11_veneer   0x00000000080076a4        0x0
 .vfp11_veneer  0x00000000080076a4        0x0 linker stubs

.v4_bx          0x00000000080076a4        0x0
 .v4_bx         0x00000000080076a4        0x0 linker stubs

.iplt           0x00000000080076a4        0x0
 .iplt          0x00000000080076a4        0x0 build/obj/crt0_v7m.o

.rodata         0x00000000080076a4     0x21ec
                0x00000000080076a4                . = ALIGN (0x4)
                0x00000000080076a4                __rodata_base__ = .
 *(.rodata)
 *(.rodata.*)
 .rodata.Thread1.str1.4
                0x00000000080076a4        0x8 /tmp/ccwUfPS9.ltrans0.ltrans.o
 .rodata._test_assert_time_window.constprop.2.str1.4
                0x00000000080076ac       0x13 /tmp/ccwUfPS9.ltrans0.ltrans.o
 *fill*         0x00000000080076bf        0x1 
 .rodata.chFactoryCreateBuffer.constprop.10.str1.4
                0x00000000080076c0        0x6 /tmp/ccwUfPS9.ltrans0.ltrans.o
 *fill*         0x00000000080076c6        0x2 
 .rodata.chFactoryCreateMailbox.constprop.6.str1.4
                0x00000000080076c8        0x6 /tmp/ccwUfPS9.ltrans0.ltrans.o
 *fill*         0x00000000080076ce        0x2 
 .rodata.chFactoryCreateObjectsFIFO.constprop.4.str1.4
                0x00000000080076d0        0x7 /tmp/ccwUfPS9.ltrans0.ltrans.o
 *fill*         0x00000000080076d7        0x1 
 .rodata.chFactoryCreateSemaphore.constprop.8.str1.4
                0x00000000080076d8        0x6 /tmp/ccwUfPS9.ltrans0.ltrans.o
 *fill*         0x00000000080076de        0x2 
 .rodata.chFactoryRegisterObject.constprop.12.str1.4
                0x00000000080076e0        0x6 /tmp/ccwUfPS9.ltrans0.ltrans.o
 *fill*         0x00000000080076e6        0x2 
 .rodata.chThdCreateStatic.constprop.62.str1.4
                0x00000000080076e8        0x7 /tmp/ccwUfPS9.ltrans0.ltrans.o
 *fill*         0x00000000080076ef        0x1 
 .rodata.ch_debug
                0x00000000080076f0       0x16 /tmp/ccwUfPS9.ltrans0.ltrans.o
 *fill*         0x0000000008007706        0x2 
 .rodata.evhndl
                0x0000000008007708        0xc /tmp/ccwUfPS9.ltrans0.ltrans.o
 .rodata.idle_descriptor.6935
                0x0000000008007714       0x18 /tmp/ccwUfPS9.ltrans0.ltrans.o
 .rodata.oslib_test_001_001
                0x000000000800772c       0x10 /tmp/ccwUfPS9.ltrans0.ltrans.o
 .rodata.oslib_test_001_001_execute.str1.4
                0x000000000800773c       0x13 /tmp/ccwUfPS9.ltrans0.ltrans.o
 *fill*         0x000000000800774f        0x1 
 .rodata.oslib_test_001_002
                0x0000000008007750       0x10 /tmp/ccwUfPS9.ltrans0.ltrans.o
 .rodata.oslib_test_001_002_execute.str1.4
                0x0000000008007760       0xb5 /tmp/ccwUfPS9.ltrans0.ltrans.o
 *fill*         0x0000000008007815        0x3 
 .rodata.oslib_test_001_003
                0x0000000008007818       0x10 /tmp/ccwUfPS9.ltrans0.ltrans.o
 .rodata.oslib_test_001_003_execute.str1.4
                0x0000000008007828       0x16 /tmp/ccwUfPS9.ltrans0.ltrans.o
 *fill*         0x000000000800783e        0x2 
 .rodata.oslib_test_002_001
                0x0000000008007840       0x10 /tmp/ccwUfPS9.ltrans0.ltrans.o
 .rodata.oslib_test_002_001_execute.str1.4
                0x0000000008007850       0x35 /tmp/ccwUfPS9.ltrans0.ltrans.o
 *fill*         0x0000000008007885        0x3 
 .rodata.oslib_test_002_002
                0x0000000008007888       0x10 /tmp/ccwUfPS9.ltrans0.ltrans.o
 .rodata.oslib_test_002_003
                0x0000000008007898       0x10 /tmp/ccwUfPS9.ltrans0.ltrans.o
 .rodata.oslib_test_003_001
                0x00000000080078a8       0x10 /tmp/ccwUfPS9.ltrans0.ltrans.o
 .rodata.oslib_test_003_001_execute.str1.4
                0x00000000080078b8       0x59 /tmp/ccwUfPS9.ltrans0.ltrans.o
 *fill*         0x0000000008007911        0x3 
 .rodata.oslib_test_003_002
                0x0000000008007914       0x10 /tmp/ccwUfPS9.ltrans0.ltrans.o
 .rodata.oslib_test_003_002_execute.str1.4
                0x0000000008007924       0x2a /tmp/ccwUfPS9.ltrans0.ltrans.o
 *fill*         0x000000000800794e        0x2 
 .rodata.oslib_test_004_001
                0x0000000008007950       0x10 /tmp/ccwUfPS9.ltrans0.ltrans.o
 .rodata.oslib_test_004_001_execute.str1.4
                0x0000000008007960       0x30 /tmp/ccwUfPS9.ltrans0.ltrans.o
 .rodata.oslib_test_004_002
                0x0000000008007990       0x10 /tmp/ccwUfPS9.ltrans0.ltrans.o
 .rodata.oslib_test_004_003
                0x00000000080079a0       0x10 /tmp/ccwUfPS9.ltrans0.ltrans.o
 .rodata.oslib_test_004_003_execute.str1.4
                0x00000000080079b0       0x58 /tmp/ccwUfPS9.ltrans0.ltrans.o
                                         0x60 (size before relaxing)
 .rodata.oslib_test_004_004
                0x0000000008007a08       0x10 /tmp/ccwUfPS9.ltrans0.ltrans.o
 .rodata.oslib_test_004_005
                0x0000000008007a18       0x10 /tmp/ccwUfPS9.ltrans0.ltrans.o
 .rodata.oslib_test_sequence_001
                0x0000000008007a28        0x8 /tmp/ccwUfPS9.ltrans0.ltrans.o
 .rodata.oslib_test_sequence_001_array
                0x0000000008007a30       0x10 /tmp/ccwUfPS9.ltrans0.ltrans.o
 .rodata.oslib_test_sequence_002
                0x0000000008007a40        0x8 /tmp/ccwUfPS9.ltrans0.ltrans.o
 .rodata.oslib_test_sequence_002_array
                0x0000000008007a48       0x10 /tmp/ccwUfPS9.ltrans0.ltrans.o
 .rodata.oslib_test_sequence_003
                0x0000000008007a58        0x8 /tmp/ccwUfPS9.ltrans0.ltrans.o
 .rodata.oslib_test_sequence_003_array
                0x0000000008007a60        0xc /tmp/ccwUfPS9.ltrans0.ltrans.o
 .rodata.oslib_test_sequence_004
                0x0000000008007a6c        0x8 /tmp/ccwUfPS9.ltrans0.ltrans.o
 .rodata.oslib_test_sequence_004_array
                0x0000000008007a74       0x18 /tmp/ccwUfPS9.ltrans0.ltrans.o
 .rodata.oslib_test_suite
                0x0000000008007a8c        0x8 /tmp/ccwUfPS9.ltrans0.ltrans.o
 .rodata.oslib_test_suite_array
                0x0000000008007a94       0x14 /tmp/ccwUfPS9.ltrans0.ltrans.o
 .rodata.ram_areas
                0x0000000008007aa8       0x80 /tmp/ccwUfPS9.ltrans0.ltrans.o
 .rodata.rt_test_001_001
                0x0000000008007b28       0x10 /tmp/ccwUfPS9.ltrans0.ltrans.o
 .rodata.rt_test_001_001_execute.str1.4
                0x0000000008007b38      0x1a9 /tmp/ccwUfPS9.ltrans0.ltrans.o
 *fill*         0x0000000008007ce1        0x3 
 .rodata.rt_test_001_002
                0x0000000008007ce4       0x10 /tmp/ccwUfPS9.ltrans0.ltrans.o
 .rodata.rt_test_001_002_execute.str1.4
                0x0000000008007cf4      0x115 /tmp/ccwUfPS9.ltrans0.ltrans.o
 *fill*         0x0000000008007e09        0x3 
 .rodata.rt_test_001_003
                0x0000000008007e0c       0x10 /tmp/ccwUfPS9.ltrans0.ltrans.o
 .rodata.rt_test_001_003_execute.str1.4
                0x0000000008007e1c      0x78d /tmp/ccwUfPS9.ltrans0.ltrans.o
                                        0x791 (size before relaxing)
 *fill*         0x00000000080085a9        0x3 
 .rodata.rt_test_002_001
                0x00000000080085ac       0x10 /tmp/ccwUfPS9.ltrans0.ltrans.o
 .rodata.rt_test_002_001_execute.str1.4
                0x00000000080085bc       0x70 /tmp/ccwUfPS9.ltrans0.ltrans.o
 .rodata.rt_test_002_002
                0x000000000800862c       0x10 /tmp/ccwUfPS9.ltrans0.ltrans.o
 .rodata.rt_test_002_002_execute.str1.4
                0x000000000800863c       0x12 /tmp/ccwUfPS9.ltrans0.ltrans.o
 *fill*         0x000000000800864e        0x2 
 .rodata.rt_test_002_003
                0x0000000008008650       0x10 /tmp/ccwUfPS9.ltrans0.ltrans.o
 .rodata.rt_test_002_004
                0x0000000008008660       0x10 /tmp/ccwUfPS9.ltrans0.ltrans.o
 .rodata.rt_test_003_001
                0x0000000008008670       0x10 /tmp/ccwUfPS9.ltrans0.ltrans.o
 .rodata.rt_test_003_002
                0x0000000008008680       0x10 /tmp/ccwUfPS9.ltrans0.ltrans.o
 .rodata.rt_test_003_003
                0x0000000008008690       0x10 /tmp/ccwUfPS9.ltrans0.ltrans.o
 .rodata.rt_test_003_004
                0x00000000080086a0       0x10 /tmp/ccwUfPS9.ltrans0.ltrans.o
 .rodata.rt_test_003_004_execute.str1.4
                0x00000000080086b0       0x87 /tmp/ccwUfPS9.ltrans0.ltrans.o
 *fill*         0x0000000008008737        0x1 
 .rodata.rt_test_004_001
                0x0000000008008738       0x10 /tmp/ccwUfPS9.ltrans0.ltrans.o
 .rodata.rt_test_004_001_execute.str1.4
                0x0000000008008748       0x23 /tmp/ccwUfPS9.ltrans0.ltrans.o
 *fill*         0x000000000800876b        0x1 
 .rodata.rt_test_005_001
                0x000000000800876c       0x10 /tmp/ccwUfPS9.ltrans0.ltrans.o
 .rodata.rt_test_005_001_execute.str1.4
                0x000000000800877c       0x14 /tmp/ccwUfPS9.ltrans0.ltrans.o
 .rodata.rt_test_005_002
                0x0000000008008790       0x10 /tmp/ccwUfPS9.ltrans0.ltrans.o
 .rodata.rt_test_005_003
                0x00000000080087a0       0x10 /tmp/ccwUfPS9.ltrans0.ltrans.o
 .rodata.rt_test_005_004
                0x00000000080087b0       0x10 /tmp/ccwUfPS9.ltrans0.ltrans.o
 .rodata.rt_test_005_004_execute.str1.4
                0x00000000080087c0       0x10 /tmp/ccwUfPS9.ltrans0.ltrans.o
 .rodata.rt_test_005_005
                0x00000000080087d0       0x10 /tmp/ccwUfPS9.ltrans0.ltrans.o
 .rodata.rt_test_005_005_execute.str1.4
                0x00000000080087e0       0x21 /tmp/ccwUfPS9.ltrans0.ltrans.o
 *fill*         0x0000000008008801        0x3 
 .rodata.rt_test_005_006
                0x0000000008008804       0x10 /tmp/ccwUfPS9.ltrans0.ltrans.o
 .rodata.rt_test_005_006_execute.str1.4
                0x0000000008008814       0x3f /tmp/ccwUfPS9.ltrans0.ltrans.o
                                         0x46 (size before relaxing)
 *fill*         0x0000000008008853        0x1 
 .rodata.rt_test_006_001
                0x0000000008008854       0x10 /tmp/ccwUfPS9.ltrans0.ltrans.o
 .rodata.rt_test_006_004
                0x0000000008008864       0x10 /tmp/ccwUfPS9.ltrans0.ltrans.o
 .rodata.rt_test_006_004_execute.str1.4
                0x0000000008008874        0x6 /tmp/ccwUfPS9.ltrans0.ltrans.o
 *fill*         0x000000000800887a        0x2 
 .rodata.rt_test_006_005
                0x000000000800887c       0x10 /tmp/ccwUfPS9.ltrans0.ltrans.o
 .rodata.rt_test_006_005_execute.str1.4
                0x000000000800888c       0x3d /tmp/ccwUfPS9.ltrans0.ltrans.o
 *fill*         0x00000000080088c9        0x3 
 .rodata.rt_test_006_007
                0x00000000080088cc       0x10 /tmp/ccwUfPS9.ltrans0.ltrans.o
 .rodata.rt_test_006_008
                0x00000000080088dc       0x10 /tmp/ccwUfPS9.ltrans0.ltrans.o
 .rodata.rt_test_006_008_execute.str1.4
                0x00000000080088ec        0x6 /tmp/ccwUfPS9.ltrans0.ltrans.o
 *fill*         0x00000000080088f2        0x2 
 .rodata.rt_test_006_009
                0x00000000080088f4       0x10 /tmp/ccwUfPS9.ltrans0.ltrans.o
 .rodata.rt_test_007_001
                0x0000000008008904       0x10 /tmp/ccwUfPS9.ltrans0.ltrans.o
 .rodata.rt_test_008_001
                0x0000000008008914       0x10 /tmp/ccwUfPS9.ltrans0.ltrans.o
 .rodata.rt_test_008_001_execute.str1.4
                0x0000000008008924       0x1b /tmp/ccwUfPS9.ltrans0.ltrans.o
 *fill*         0x000000000800893f        0x1 
 .rodata.rt_test_008_002
                0x0000000008008940       0x10 /tmp/ccwUfPS9.ltrans0.ltrans.o
 .rodata.rt_test_008_002_execute.str1.4
                0x0000000008008950       0x18 /tmp/ccwUfPS9.ltrans0.ltrans.o
 .rodata.rt_test_008_003
                0x0000000008008968       0x10 /tmp/ccwUfPS9.ltrans0.ltrans.o
 .rodata.rt_test_008_003_execute.str1.4
                0x0000000008008978       0x13 /tmp/ccwUfPS9.ltrans0.ltrans.o
 *fill*         0x000000000800898b        0x1 
 .rodata.rt_test_008_004
                0x000000000800898c       0x10 /tmp/ccwUfPS9.ltrans0.ltrans.o
 .rodata.rt_test_008_004_execute.str1.4
                0x000000000800899c       0x11 /tmp/ccwUfPS9.ltrans0.ltrans.o
 *fill*         0x00000000080089ad        0x3 
 .rodata.rt_test_008_005
                0x00000000080089b0       0x10 /tmp/ccwUfPS9.ltrans0.ltrans.o
 .rodata.rt_test_008_005_execute.str1.4
                0x00000000080089c0       0x2a /tmp/ccwUfPS9.ltrans0.ltrans.o
 *fill*         0x00000000080089ea        0x2 
 .rodata.rt_test_008_006
                0x00000000080089ec       0x10 /tmp/ccwUfPS9.ltrans0.ltrans.o
 .rodata.rt_test_008_006_execute.str1.4
                0x00000000080089fc        0xf /tmp/ccwUfPS9.ltrans0.ltrans.o
 *fill*         0x0000000008008a0b        0x1 
 .rodata.rt_test_008_007
                0x0000000008008a0c       0x10 /tmp/ccwUfPS9.ltrans0.ltrans.o
 .rodata.rt_test_008_007_execute.str1.4
                0x0000000008008a1c        0xc /tmp/ccwUfPS9.ltrans0.ltrans.o
 .rodata.rt_test_009_001
                0x0000000008008a28       0x10 /tmp/ccwUfPS9.ltrans0.ltrans.o
 .rodata.rt_test_009_001_execute.str1.4
                0x0000000008008a38       0x56 /tmp/ccwUfPS9.ltrans0.ltrans.o
 *fill*         0x0000000008008a8e        0x2 
 .rodata.rt_test_009_002
                0x0000000008008a90       0x10 /tmp/ccwUfPS9.ltrans0.ltrans.o
 .rodata.rt_test_009_002_execute.str1.4
                0x0000000008008aa0       0x88 /tmp/ccwUfPS9.ltrans0.ltrans.o
                                         0x8c (size before relaxing)
 .rodata.rt_test_010_001
                0x0000000008008b28       0x10 /tmp/ccwUfPS9.ltrans0.ltrans.o
 .rodata.rt_test_010_002
                0x0000000008008b38       0x10 /tmp/ccwUfPS9.ltrans0.ltrans.o
 .rodata.rt_test_010_003
                0x0000000008008b48       0x10 /tmp/ccwUfPS9.ltrans0.ltrans.o
 .rodata.rt_test_010_003_execute.str1.4
                0x0000000008008b58        0xa /tmp/ccwUfPS9.ltrans0.ltrans.o
 *fill*         0x0000000008008b62        0x2 
 .rodata.rt_test_010_004
                0x0000000008008b64       0x10 /tmp/ccwUfPS9.ltrans0.ltrans.o
 .rodata.rt_test_010_005
                0x0000000008008b74       0x10 /tmp/ccwUfPS9.ltrans0.ltrans.o
 .rodata.rt_test_010_006
                0x0000000008008b84       0x10 /tmp/ccwUfPS9.ltrans0.ltrans.o
 .rodata.rt_test_010_006_execute.str1.4
                0x0000000008008b94        0xb /tmp/ccwUfPS9.ltrans0.ltrans.o
 *fill*         0x0000000008008b9f        0x1 
 .rodata.rt_test_010_007
                0x0000000008008ba0       0x10 /tmp/ccwUfPS9.ltrans0.ltrans.o
 .rodata.rt_test_010_007_execute.str1.4
                0x0000000008008bb0       0x11 /tmp/ccwUfPS9.ltrans0.ltrans.o
 *fill*         0x0000000008008bc1        0x3 
 .rodata.rt_test_010_008
                0x0000000008008bc4       0x10 /tmp/ccwUfPS9.ltrans0.ltrans.o
 .rodata.rt_test_010_008_execute.str1.4
                0x0000000008008bd4        0xa /tmp/ccwUfPS9.ltrans0.ltrans.o
 *fill*         0x0000000008008bde        0x2 
 .rodata.rt_test_010_009
                0x0000000008008be0       0x10 /tmp/ccwUfPS9.ltrans0.ltrans.o
 .rodata.rt_test_010_009_execute.str1.4
                0x0000000008008bf0       0x1a /tmp/ccwUfPS9.ltrans0.ltrans.o
 *fill*         0x0000000008008c0a        0x2 
 .rodata.rt_test_010_010
                0x0000000008008c0c       0x10 /tmp/ccwUfPS9.ltrans0.ltrans.o
 .rodata.rt_test_010_010_execute.str1.4
                0x0000000008008c1c        0xf /tmp/ccwUfPS9.ltrans0.ltrans.o
 *fill*         0x0000000008008c2b        0x1 
 .rodata.rt_test_010_011
                0x0000000008008c2c       0x10 /tmp/ccwUfPS9.ltrans0.ltrans.o
 .rodata.rt_test_010_011_execute.str1.4
                0x0000000008008c3c        0xf /tmp/ccwUfPS9.ltrans0.ltrans.o
 *fill*         0x0000000008008c4b        0x1 
 .rodata.rt_test_010_012
                0x0000000008008c4c       0x10 /tmp/ccwUfPS9.ltrans0.ltrans.o
 .rodata.rt_test_010_012_execute.str1.4
                0x0000000008008c5c       0x95 /tmp/ccwUfPS9.ltrans0.ltrans.o
 *fill*         0x0000000008008cf1        0x3 
 .rodata.rt_test_sequence_001
                0x0000000008008cf4        0x8 /tmp/ccwUfPS9.ltrans0.ltrans.o
 .rodata.rt_test_sequence_001_array
                0x0000000008008cfc       0x10 /tmp/ccwUfPS9.ltrans0.ltrans.o
 .rodata.rt_test_sequence_002
                0x0000000008008d0c        0x8 /tmp/ccwUfPS9.ltrans0.ltrans.o
 .rodata.rt_test_sequence_002_array
                0x0000000008008d14       0x14 /tmp/ccwUfPS9.ltrans0.ltrans.o
 .rodata.rt_test_sequence_003
                0x0000000008008d28        0x8 /tmp/ccwUfPS9.ltrans0.ltrans.o
 .rodata.rt_test_sequence_003_array
                0x0000000008008d30       0x14 /tmp/ccwUfPS9.ltrans0.ltrans.o
 .rodata.rt_test_sequence_004
                0x0000000008008d44        0x8 /tmp/ccwUfPS9.ltrans0.ltrans.o
 .rodata.rt_test_sequence_004_array
                0x0000000008008d4c        0x8 /tmp/ccwUfPS9.ltrans0.ltrans.o
 .rodata.rt_test_sequence_005
                0x0000000008008d54        0x8 /tmp/ccwUfPS9.ltrans0.ltrans.o
 .rodata.rt_test_sequence_005_array
                0x0000000008008d5c       0x1c /tmp/ccwUfPS9.ltrans0.ltrans.o
 .rodata.rt_test_sequence_006
                0x0000000008008d78        0x8 /tmp/ccwUfPS9.ltrans0.ltrans.o
 .rodata.rt_test_sequence_006_array
                0x0000000008008d80       0x1c /tmp/ccwUfPS9.ltrans0.ltrans.o
 .rodata.rt_test_sequence_007
                0x0000000008008d9c        0x8 /tmp/ccwUfPS9.ltrans0.ltrans.o
 .rodata.rt_test_sequence_007_array
                0x0000000008008da4        0x8 /tmp/ccwUfPS9.ltrans0.ltrans.o
 .rodata.rt_test_sequence_008
                0x0000000008008dac        0x8 /tmp/ccwUfPS9.ltrans0.ltrans.o
 .rodata.rt_test_sequence_008_array
                0x0000000008008db4       0x20 /tmp/ccwUfPS9.ltrans0.ltrans.o
 .rodata.rt_test_sequence_009
                0x0000000008008dd4        0x8 /tmp/ccwUfPS9.ltrans0.ltrans.o
 .rodata.rt_test_sequence_009_array
                0x0000000008008ddc        0xc /tmp/ccwUfPS9.ltrans0.ltrans.o
 .rodata.rt_test_sequence_010
                0x0000000008008de8        0x8 /tmp/ccwUfPS9.ltrans0.ltrans.o
 .rodata.rt_test_sequence_010_array
                0x0000000008008df0       0x34 /tmp/ccwUfPS9.ltrans0.ltrans.o
 .rodata.rt_test_suite
                0x0000000008008e24        0x8 /tmp/ccwUfPS9.ltrans0.ltrans.o
 .rodata.rt_test_suite_array
                0x0000000008008e2c       0x2c /tmp/ccwUfPS9.ltrans0.ltrans.o
 .rodata.str1.4
                0x0000000008008e58      0x8c2 /tmp/ccwUfPS9.ltrans0.ltrans.o
 *fill*         0x000000000800971a        0x2 
 .rodata.test_execute.constprop.1.str1.4
                0x000000000800971c      0x134 /tmp/ccwUfPS9.ltrans0.ltrans.o
                                        0x13c (size before relaxing)
 .rodata.test_println.str1.4
                0x0000000008009850        0x4 /tmp/ccwUfPS9.ltrans0.ltrans.o
                                          0x3 (size before relaxing)
 .rodata.vmt    0x0000000008009854       0x28 /tmp/ccwUfPS9.ltrans0.ltrans.o
 .rodata.wa     0x000000000800987c       0x14 /tmp/ccwUfPS9.ltrans0.ltrans.o
                0x0000000008009890                . = ALIGN (0x4)
                0x0000000008009890                __rodata_end__ = .

.rel.dyn        0x0000000008009890        0x0
 .rel.iplt      0x0000000008009890        0x0 build/obj/crt0_v7m.o

.ARM.extab
 *(.ARM.extab* .gnu.linkonce.armextab.*)

.ARM.exidx      0x0000000008009890        0x0
                0x0000000008009890                __exidx_start = .
 *(.ARM.exidx* .gnu.linkonce.armexidx.*)
                0x0000000008009890                __exidx_end = .

.eh_frame_hdr
 *(.eh_frame_hdr)

.eh_frame
 *(.eh_frame)
                0x0000000020000000                __ram0_start__ = ORIGIN (ram0)
                0x0000000000010000                __ram0_size__ = LENGTH (ram0)
                0x0000000020010000                __ram0_end__ = (__ram0_start__ + __ram0_size__)
                0x0000000000000000                __ram1_start__ = ORIGIN (ram1)
                0x0000000000000000                __ram1_size__ = LENGTH (ram1)
                0x0000000000000000                __ram1_end__ = (__ram1_start__ + __ram1_size__)
                0x0000000000000000                __ram2_start__ = ORIGIN (ram2)
                0x0000000000000000                __ram2_size__ = LENGTH (ram2)
                0x0000000000000000                __ram2_end__ = (__ram2_start__ + __ram2_size__)
                0x0000000000000000                __ram3_start__ = ORIGIN (ram3)
                0x0000000000000000                __ram3_size__ = LENGTH (ram3)
                0x0000000000000000                __ram3_end__ = (__ram3_start__ + __ram3_size__)
                0x0000000000000000                __ram4_start__ = ORIGIN (ram4)
                0x0000000000000000                __ram4_size__ = LENGTH (ram4)
                0x0000000000000000                __ram4_end__ = (__ram4_start__ + __ram4_size__)
                0x0000000000000000                __ram5_start__ = ORIGIN (ram5)
                0x0000000000000000                __ram5_size__ = LENGTH (ram5)
                0x0000000000000000                __ram5_end__ = (__ram5_start__ + __ram5_size__)
                0x0000000000000000                __ram6_start__ = ORIGIN (ram6)
                0x0000000000000000                __ram6_size__ = LENGTH (ram6)
                0x0000000000000000                __ram6_end__ = (__ram6_start__ + __ram6_size__)
                0x0000000000000000                __ram7_start__ = ORIGIN (ram7)
                0x0000000000000000                __ram7_size__ = LENGTH (ram7)
                0x0000000000000000                __ram7_end__ = (__ram7_start__ + __ram7_size__)

.data           0x0000000020000800       0x8c load address 0x0000000008009890
                0x0000000020000800                . = ALIGN (0x4)
                [!provide]                        PROVIDE (_textdata = LOADADDR (.data))
                [!provide]                        PROVIDE (_data = .)
                0x0000000008009890                _textdata_start = LOADADDR (.data)
                0x0000000020000800                _data_start = .
 *(.data)
 *(.data.*)
 .data.c1       0x0000000020000800        0x8 /tmp/ccwUfPS9.ltrans0.ltrans.o
 .data.es1      0x0000000020000808        0x4 /tmp/ccwUfPS9.ltrans0.ltrans.o
 .data.es2      0x000000002000080c        0x4 /tmp/ccwUfPS9.ltrans0.ltrans.o
 .data.gmp1     0x0000000020000810       0x1c /tmp/ccwUfPS9.ltrans0.ltrans.o
 .data.m1       0x000000002000082c       0x10 /tmp/ccwUfPS9.ltrans0.ltrans.o
 .data.m2       0x000000002000083c       0x10 /tmp/ccwUfPS9.ltrans0.ltrans.o
 .data.mb1      0x000000002000084c       0x28 /tmp/ccwUfPS9.ltrans0.ltrans.o
 .data.mp1.lto_priv.82
                0x0000000020000874       0x10 /tmp/ccwUfPS9.ltrans0.ltrans.o
 .data.myobj.7619
                0x0000000020000884        0x4 /tmp/ccwUfPS9.ltrans0.ltrans.o
 .data.myobj.7621
                0x0000000020000888        0x4 /tmp/ccwUfPS9.ltrans0.ltrans.o
 *(.ramtext)
                0x000000002000088c                . = ALIGN (0x4)
                [!provide]                        PROVIDE (_edata = .)
                0x000000002000088c                _data_end = .

.igot.plt       0x000000002000088c        0x0 load address 0x000000000800991c
 .igot.plt      0x000000002000088c        0x0 build/obj/crt0_v7m.o

.bss            0x0000000020000890      0xb68 load address 0x000000000800991c
                0x0000000020000890                . = ALIGN (0x4)
                0x0000000020000890                _bss_start = .
 *(.bss)
 *(.bss.*)
 .bss.SD2       0x0000000020000890       0x60 /tmp/ccwUfPS9.ltrans0.ltrans.o
 .bss.ch        0x00000000200008f0       0x78 /tmp/ccwUfPS9.ltrans0.ltrans.o
 .bss.ch_factory
                0x0000000020000968       0x44 /tmp/ccwUfPS9.ltrans0.ltrans.o
 *fill*         0x00000000200009ac        0x4 
 .bss.ch_idle_thread_wa
                0x00000000200009b0       0xd8 /tmp/ccwUfPS9.ltrans0.ltrans.o
 .bss.ch_memcore
                0x0000000020000a88        0x8 /tmp/ccwUfPS9.ltrans0.ltrans.o
 .bss.default_heap
                0x0000000020000a90       0x1c /tmp/ccwUfPS9.ltrans0.ltrans.o
 .bss.heap1     0x0000000020000aac       0x1c /tmp/ccwUfPS9.ltrans0.ltrans.o
 .bss.mb_buffer
                0x0000000020000ac8       0x10 /tmp/ccwUfPS9.ltrans0.ltrans.o
 .bss.mp1.lto_priv.81
                0x0000000020000ad8       0x10 /tmp/ccwUfPS9.ltrans0.ltrans.o
 .bss.mtx1      0x0000000020000ae8       0x10 /tmp/ccwUfPS9.ltrans0.ltrans.o
 .bss.objects   0x0000000020000af8       0x10 /tmp/ccwUfPS9.ltrans0.ltrans.o
 .bss.sd_in_buf2
                0x0000000020000b08       0x10 /tmp/ccwUfPS9.ltrans0.ltrans.o
 .bss.sd_out_buf2
                0x0000000020000b18       0x10 /tmp/ccwUfPS9.ltrans0.ltrans.o
 .bss.sem1.lto_priv.79
                0x0000000020000b28        0xc /tmp/ccwUfPS9.ltrans0.ltrans.o
 .bss.sem1.lto_priv.80
                0x0000000020000b34        0xc /tmp/ccwUfPS9.ltrans0.ltrans.o
 .bss.test_buffer
                0x0000000020000b40      0x668 /tmp/ccwUfPS9.ltrans0.ltrans.o
 .bss.test_chp  0x00000000200011a8        0x4 /tmp/ccwUfPS9.ltrans0.ltrans.o
 .bss.test_failure_message
                0x00000000200011ac        0x4 /tmp/ccwUfPS9.ltrans0.ltrans.o
 .bss.test_global_fail
                0x00000000200011b0        0x1 /tmp/ccwUfPS9.ltrans0.ltrans.o
 *fill*         0x00000000200011b1        0x3 
 .bss.test_heap
                0x00000000200011b4       0x1c /tmp/ccwUfPS9.ltrans0.ltrans.o
 .bss.test_heap_buffer
                0x00000000200011d0       0x80 /tmp/ccwUfPS9.ltrans0.ltrans.o
 .bss.test_local_fail
                0x0000000020001250        0x1 /tmp/ccwUfPS9.ltrans0.ltrans.o
 *fill*         0x0000000020001251        0x3 
 .bss.test_step
                0x0000000020001254        0x4 /tmp/ccwUfPS9.ltrans0.ltrans.o
 .bss.test_tokens_buffer
                0x0000000020001258       0x10 /tmp/ccwUfPS9.ltrans0.ltrans.o
 .bss.test_tokp
                0x0000000020001268        0x4 /tmp/ccwUfPS9.ltrans0.ltrans.o
 .bss.threads   0x000000002000126c       0x14 /tmp/ccwUfPS9.ltrans0.ltrans.o
 .bss.tr1       0x0000000020001280        0x4 /tmp/ccwUfPS9.ltrans0.ltrans.o
 .bss.vt1.7731  0x0000000020001284       0x14 /tmp/ccwUfPS9.ltrans0.ltrans.o
 .bss.vt2.7732  0x0000000020001298       0x14 /tmp/ccwUfPS9.ltrans0.ltrans.o
 *fill*         0x00000000200012ac        0x4 
 .bss.waThread1
                0x00000000200012b0      0x148 /tmp/ccwUfPS9.ltrans0.ltrans.o
 *(COMMON)
                0x00000000200013f8                . = ALIGN (0x4)
                0x00000000200013f8                _bss_end = .
                [!provide]                        PROVIDE (end = .)

.ram0_init      0x00000000200013f8        0x0 load address 0x000000000800991c
                0x00000000200013f8                . = ALIGN (0x4)
                0x000000000800991c                __ram0_init_text__ = LOADADDR (.ram0_init)
                0x00000000200013f8                __ram0_init__ = .
 *(.ram0_init)
 *(.ram0_init.*)
                0x00000000200013f8                . = ALIGN (0x4)

.ram0           0x00000000200013f8        0x0 load address 0x000000000800991c
                0x00000000200013f8                . = ALIGN (0x4)
                0x00000000200013f8                __ram0_clear__ = .
 *(.ram0_clear)
 *(.ram0_clear.*)
                0x00000000200013f8                . = ALIGN (0x4)
                0x00000000200013f8                __ram0_noinit__ = .
 *(.ram0)
 *(.ram0.*)
                0x00000000200013f8                . = ALIGN (0x4)
                0x00000000200013f8                __ram0_free__ = .

.ram1_init      0x0000000000000000        0x0 load address 0x000000000800991c
                0x0000000000000000                . = ALIGN (0x4)
                0x000000000800991c                __ram1_init_text__ = LOADADDR (.ram1_init)
                0x0000000000000000                __ram1_init__ = .
 *(.ram1_init)
 *(.ram1_init.*)
                0x0000000000000000                . = ALIGN (0x4)

.ram1           0x0000000000000000        0x0 load address 0x000000000800991c
                0x0000000000000000                . = ALIGN (0x4)
                0x0000000000000000                __ram1_clear__ = .
 *(.ram1_clear)
 *(.ram1_clear.*)
                0x0000000000000000                . = ALIGN (0x4)
                0x0000000000000000                __ram1_noinit__ = .
 *(.ram1)
 *(.ram1.*)
                0x0000000000000000                . = ALIGN (0x4)
                0x0000000000000000                __ram1_free__ = .

.ram2_init      0x0000000000000000        0x0 load address 0x000000000800991c
                0x0000000000000000                . = ALIGN (0x4)
                0x000000000800991c                __ram2_init_text__ = LOADADDR (.ram2_init)
                0x0000000000000000                __ram2_init__ = .
 *(.ram2_init)
 *(.ram2_init.*)
                0x0000000000000000                . = ALIGN (0x4)

.ram2           0x0000000000000000        0x0 load address 0x000000000800991c
                0x0000000000000000                . = ALIGN (0x4)
                0x0000000000000000                __ram2_clear__ = .
 *(.ram2_clear)
 *(.ram2_clear.*)
                0x0000000000000000                . = ALIGN (0x4)
                0x0000000000000000                __ram2_noinit__ = .
 *(.ram2)
 *(.ram2.*)
                0x0000000000000000                . = ALIGN (0x4)
                0x0000000000000000                __ram2_free__ = .

.ram3_init      0x0000000000000000        0x0 load address 0x000000000800991c
                0x0000000000000000                . = ALIGN (0x4)
                0x000000000800991c                __ram3_init_text__ = LOADADDR (.ram3_init)
                0x0000000000000000                __ram3_init__ = .
 *(.ram3_init)
 *(.ram3_init.*)
                0x0000000000000000                . = ALIGN (0x4)

.ram3           0x0000000000000000        0x0 load address 0x000000000800991c
                0x0000000000000000                . = ALIGN (0x4)
                0x0000000000000000                __ram3_clear__ = .
 *(.ram3_clear)
 *(.ram3_clear.*)
                0x0000000000000000                . = ALIGN (0x4)
                0x0000000000000000                __ram3_noinit__ = .
 *(.ram3)
 *(.ram3.*)
[...]
                                                  build/obj/hal_lld.o (symbol from plugin)
main                                              /tmp/ccwUfPS9.ltrans0.ltrans.o
                                                  build/obj/main.o (symbol from plugin)
                                                  build/obj/crt0_v7m.o
memcpy                                            /usr/bin/../lib/gcc/arm-none-eabi/7.3.1/../../../../arm-none-eabi/lib/thumb/v7e-m/libg.a(lib_a-memcpy.o)
                                                  /tmp/ccwUfPS9.ltrans0.ltrans.o
memset                                            /usr/bin/../lib/gcc/arm-none-eabi/7.3.1/../../../../arm-none-eabi/lib/thumb/v7e-m/libg.a(lib_a-memset.o)
                                                  /tmp/ccwUfPS9.ltrans0.ltrans.o
nvicClearPending                                  build/obj/nvic.o (symbol from plugin)
nvicDisableVector                                 build/obj/nvic.o (symbol from plugin)
                                                  build/obj/stm32_isr.o (symbol from plugin)
nvicEnableVector                                  build/obj/nvic.o (symbol from plugin)
                                                  build/obj/hal_serial_lld.o (symbol from plugin)
                                                  build/obj/hal_st_lld.o (symbol from plugin)
                                                  build/obj/stm32_isr.o (symbol from plugin)
nvicSetSystemHandlerPriority                      build/obj/nvic.o (symbol from plugin)
obqFlush                                          build/obj/hal_buffers.o (symbol from plugin)
obqGetEmptyBufferTimeout                          build/obj/hal_buffers.o (symbol from plugin)
obqGetEmptyBufferTimeoutS                         build/obj/hal_buffers.o (symbol from plugin)
obqGetFullBufferI                                 build/obj/hal_buffers.o (symbol from plugin)
obqObjectInit                                     build/obj/hal_buffers.o (symbol from plugin)
obqPostFullBuffer                                 build/obj/hal_buffers.o (symbol from plugin)
obqPostFullBufferS                                build/obj/hal_buffers.o (symbol from plugin)
obqPutTimeout                                     build/obj/hal_buffers.o (symbol from plugin)
obqReleaseEmptyBufferI                            build/obj/hal_buffers.o (symbol from plugin)
obqResetI                                         build/obj/hal_buffers.o (symbol from plugin)
obqTryFlushI                                      build/obj/hal_buffers.o (symbol from plugin)
obqWriteTimeout                                   build/obj/hal_buffers.o (symbol from plugin)
oqGetI                                            build/obj/hal_queues.o (symbol from plugin)
                                                  build/obj/hal_serial_lld.o (symbol from plugin)
                                                  build/obj/hal_serial.o (symbol from plugin)
oqObjectInit                                      build/obj/hal_queues.o (symbol from plugin)
                                                  build/obj/hal_serial_lld.o (symbol from plugin)
oqPutI                                            build/obj/hal_queues.o (symbol from plugin)
oqPutTimeout                                      build/obj/hal_queues.o (symbol from plugin)
                                                  build/obj/hal_serial.o (symbol from plugin)
oqResetI                                          build/obj/hal_queues.o (symbol from plugin)
                                                  build/obj/hal_serial.o (symbol from plugin)
oqWriteI                                          build/obj/hal_queues.o (symbol from plugin)
oqWriteTimeout                                    build/obj/hal_queues.o (symbol from plugin)
                                                  build/obj/hal_serial.o (symbol from plugin)
oslib_test_sequence_001                           build/obj/oslib_test_sequence_001.o (symbol from plugin)
                                                  build/obj/oslib_test_root.o (symbol from plugin)
oslib_test_sequence_001_array                     build/obj/oslib_test_sequence_001.o (symbol from plugin)
oslib_test_sequence_002                           build/obj/oslib_test_sequence_002.o (symbol from plugin)
                                                  build/obj/oslib_test_root.o (symbol from plugin)
oslib_test_sequence_002_array                     build/obj/oslib_test_sequence_002.o (symbol from plugin)
oslib_test_sequence_003                           build/obj/oslib_test_sequence_003.o (symbol from plugin)
                                                  build/obj/oslib_test_root.o (symbol from plugin)
oslib_test_sequence_003_array                     build/obj/oslib_test_sequence_003.o (symbol from plugin)
oslib_test_sequence_004                           build/obj/oslib_test_sequence_004.o (symbol from plugin)
                                                  build/obj/oslib_test_root.o (symbol from plugin)
oslib_test_sequence_004_array                     build/obj/oslib_test_sequence_004.o (symbol from plugin)
oslib_test_suite                                  build/obj/oslib_test_root.o (symbol from plugin)
                                                  build/obj/main.o (symbol from plugin)
oslib_test_suite_array                            build/obj/oslib_test_root.o (symbol from plugin)
palReadBus                                        build/obj/hal_pal.o (symbol from plugin)
palSetBusMode                                     build/obj/hal_pal.o (symbol from plugin)
palWriteBus                                       build/obj/hal_pal.o (symbol from plugin)
rt_test_sequence_001                              build/obj/rt_test_sequence_001.o (symbol from plugin)
                                                  build/obj/rt_test_root.o (symbol from plugin)
rt_test_sequence_001_array                        build/obj/rt_test_sequence_001.o (symbol from plugin)
rt_test_sequence_002                              build/obj/rt_test_sequence_002.o (symbol from plugin)
                                                  build/obj/rt_test_root.o (symbol from plugin)
rt_test_sequence_002_array                        build/obj/rt_test_sequence_002.o (symbol from plugin)
rt_test_sequence_003                              build/obj/rt_test_sequence_003.o (symbol from plugin)
                                                  build/obj/rt_test_root.o (symbol from plugin)
rt_test_sequence_003_array                        build/obj/rt_test_sequence_003.o (symbol from plugin)
rt_test_sequence_004                              build/obj/rt_test_sequence_004.o (symbol from plugin)
                                                  build/obj/rt_test_root.o (symbol from plugin)
rt_test_sequence_004_array                        build/obj/rt_test_sequence_004.o (symbol from plugin)
rt_test_sequence_005                              build/obj/rt_test_sequence_005.o (symbol from plugin)
                                                  build/obj/rt_test_root.o (symbol from plugin)
rt_test_sequence_005_array                        build/obj/rt_test_sequence_005.o (symbol from plugin)
rt_test_sequence_006                              build/obj/rt_test_sequence_006.o (symbol from plugin)
                                                  build/obj/rt_test_root.o (symbol from plugin)
rt_test_sequence_006_array                        build/obj/rt_test_sequence_006.o (symbol from plugin)
rt_test_sequence_007                              build/obj/rt_test_sequence_007.o (symbol from plugin)
                                                  build/obj/rt_test_root.o (symbol from plugin)
rt_test_sequence_007_array                        build/obj/rt_test_sequence_007.o (symbol from plugin)
rt_test_sequence_008                              build/obj/rt_test_sequence_008.o (symbol from plugin)
                                                  build/obj/rt_test_root.o (symbol from plugin)
rt_test_sequence_008_array                        build/obj/rt_test_sequence_008.o (symbol from plugin)
rt_test_sequence_009                              build/obj/rt_test_sequence_009.o (symbol from plugin)
                                                  build/obj/rt_test_root.o (symbol from plugin)
rt_test_sequence_009_array                        build/obj/rt_test_sequence_009.o (symbol from plugin)
rt_test_sequence_010                              build/obj/rt_test_sequence_010.o (symbol from plugin)
                                                  build/obj/rt_test_root.o (symbol from plugin)
rt_test_sequence_010_array                        build/obj/rt_test_sequence_010.o (symbol from plugin)
rt_test_suite                                     build/obj/rt_test_root.o (symbol from plugin)
                                                  build/obj/main.o (symbol from plugin)
rt_test_suite_array                               build/obj/rt_test_root.o (symbol from plugin)
sdControl                                         build/obj/hal_serial.o (symbol from plugin)
sdGetWouldBlock                                   build/obj/hal_serial.o (symbol from plugin)
sdIncomingDataI                                   build/obj/hal_serial.o (symbol from plugin)
                                                  build/obj/hal_serial_lld.o (symbol from plugin)
sdInit                                            build/obj/hal_serial.o (symbol from plugin)
                                                  build/obj/hal.o (symbol from plugin)
sdObjectInit                                      build/obj/hal_serial.o (symbol from plugin)
                                                  build/obj/hal_serial_lld.o (symbol from plugin)
sdPutWouldBlock                                   build/obj/hal_serial.o (symbol from plugin)
sdRequestDataI                                    build/obj/hal_serial.o (symbol from plugin)
sdStart                                           build/obj/hal_serial.o (symbol from plugin)
                                                  build/obj/main.o (symbol from plugin)
sdStop                                            build/obj/hal_serial.o (symbol from plugin)
sd_lld_init                                       build/obj/hal_serial_lld.o (symbol from plugin)
                                                  build/obj/hal_serial.o (symbol from plugin)
sd_lld_start                                      build/obj/hal_serial_lld.o (symbol from plugin)
                                                  build/obj/hal_serial.o (symbol from plugin)
sd_lld_stop                                       build/obj/hal_serial_lld.o (symbol from plugin)
                                                  build/obj/hal_serial.o (symbol from plugin)
stGetAlarm                                        build/obj/hal_st.o (symbol from plugin)
stInit                                            build/obj/hal_st.o (symbol from plugin)
                                                  build/obj/hal.o (symbol from plugin)
stSetAlarm                                        build/obj/hal_st.o (symbol from plugin)
                                                  build/obj/chvt.o (symbol from plugin)
                                                  build/obj/chsys.o (symbol from plugin)
stStartAlarm                                      build/obj/hal_st.o (symbol from plugin)
                                                  build/obj/chvt.o (symbol from plugin)
stStopAlarm                                       build/obj/hal_st.o (symbol from plugin)
                                                  build/obj/chvt.o (symbol from plugin)
                                                  build/obj/chsys.o (symbol from plugin)
st_lld_init                                       build/obj/hal_st_lld.o (symbol from plugin)
                                                  build/obj/hal_st.o (symbol from plugin)
stm32_clock_init                                  build/obj/hal_lld.o (symbol from plugin)
                                                  build/obj/board.o (symbol from plugin)
strncmp                                           /usr/bin/../lib/gcc/arm-none-eabi/7.3.1/../../../../arm-none-eabi/lib/thumb/v7e-m/libg.a(lib_a-strncmp.o)
                                                  /tmp/ccwUfPS9.ltrans0.ltrans.o
strncpy                                           /usr/bin/../lib/gcc/arm-none-eabi/7.3.1/../../../../arm-none-eabi/lib/thumb/v7e-m/libg.a(lib_a-strncpy.o)
                                                  /tmp/ccwUfPS9.ltrans0.ltrans.o
test_buffer                                       build/obj/rt_test_root.o (symbol from plugin)
                                                  build/obj/rt_test_sequence_009.o (symbol from plugin)
test_emit_token                                   build/obj/ch_test.o (symbol from plugin)
                                                  build/obj/oslib_test_sequence_001.o (symbol from plugin)
                                                  build/obj/rt_test_sequence_009.o (symbol from plugin)
                                                  build/obj/rt_test_sequence_008.o (symbol from plugin)
                                                  build/obj/rt_test_sequence_007.o (symbol from plugin)
                                                  build/obj/rt_test_sequence_006.o (symbol from plugin)
                                                  build/obj/rt_test_sequence_005.o (symbol from plugin)
                                                  build/obj/rt_test_sequence_004.o (symbol from plugin)
                                                  build/obj/rt_test_sequence_003.o (symbol from plugin)
test_emit_token_i                                 build/obj/ch_test.o (symbol from plugin)
test_execute                                      build/obj/ch_test.o (symbol from plugin)
                                                  build/obj/main.o (symbol from plugin)
test_global_fail                                  build/obj/ch_test.o (symbol from plugin)
test_print                                        build/obj/ch_test.o (symbol from plugin)
                                                  build/obj/rt_test_sequence_010.o (symbol from plugin)
                                                  build/obj/rt_test_sequence_001.o (symbol from plugin)
test_println                                      build/obj/ch_test.o (symbol from plugin)
                                                  build/obj/rt_test_sequence_010.o (symbol from plugin)
                                                  build/obj/rt_test_sequence_001.o (symbol from plugin)
test_printn                                       build/obj/ch_test.o (symbol from plugin)
                                                  build/obj/rt_test_sequence_010.o (symbol from plugin)
                                                  build/obj/rt_test_sequence_001.o (symbol from plugin)
test_step                                         build/obj/ch_test.o (symbol from plugin)
                                                  build/obj/oslib_test_sequence_004.o (symbol from plugin)
                                                  build/obj/oslib_test_sequence_003.o (symbol from plugin)
                                                  build/obj/oslib_test_sequence_002.o (symbol from plugin)
                                                  build/obj/oslib_test_sequence_001.o (symbol from plugin)
                                                  build/obj/rt_test_sequence_010.o (symbol from plugin)
                                                  build/obj/rt_test_sequence_009.o (symbol from plugin)
                                                  build/obj/rt_test_sequence_008.o (symbol from plugin)
                                                  build/obj/rt_test_sequence_007.o (symbol from plugin)
                                                  build/obj/rt_test_sequence_006.o (symbol from plugin)
                                                  build/obj/rt_test_sequence_005.o (symbol from plugin)
                                                  build/obj/rt_test_sequence_004.o (symbol from plugin)
                                                  build/obj/rt_test_sequence_003.o (symbol from plugin)
                                                  build/obj/rt_test_sequence_002.o (symbol from plugin)
                                                  build/obj/rt_test_sequence_001.o (symbol from plugin)
test_terminate_threads                            build/obj/rt_test_root.o (symbol from plugin)
                                                  build/obj/rt_test_sequence_010.o (symbol from plugin)
test_wait_threads                                 build/obj/rt_test_root.o (symbol from plugin)
                                                  build/obj/rt_test_sequence_010.o (symbol from plugin)
                                                  build/obj/rt_test_sequence_009.o (symbol from plugin)
                                                  build/obj/rt_test_sequence_008.o (symbol from plugin)
                                                  build/obj/rt_test_sequence_007.o (symbol from plugin)
                                                  build/obj/rt_test_sequence_006.o (symbol from plugin)
                                                  build/obj/rt_test_sequence_005.o (symbol from plugin)
                                                  build/obj/rt_test_sequence_004.o (symbol from plugin)
                                                  build/obj/rt_test_sequence_003.o (symbol from plugin)
test_wait_tick                                    build/obj/rt_test_root.o (symbol from plugin)
                                                  build/obj/rt_test_sequence_010.o (symbol from plugin)
                                                  build/obj/rt_test_sequence_008.o (symbol from plugin)
                                                  build/obj/rt_test_sequence_005.o (symbol from plugin)
threads                                           build/obj/rt_test_root.o (symbol from plugin)
                                                  build/obj/rt_test_sequence_010.o (symbol from plugin)
                                                  build/obj/rt_test_sequence_009.o (symbol from plugin)
                                                  build/obj/rt_test_sequence_008.o (symbol from plugin)
                                                  build/obj/rt_test_sequence_007.o (symbol from plugin)
                                                  build/obj/rt_test_sequence_006.o (symbol from plugin)
                                                  build/obj/rt_test_sequence_005.o (symbol from plugin)
                                                  build/obj/rt_test_sequence_004.o (symbol from plugin)
                                                  build/obj/rt_test_sequence_003.o (symbol from plugin)
wa                                                build/obj/rt_test_root.o (symbol from plugin)
                                                  build/obj/rt_test_sequence_010.o (symbol from plugin)
                                                  build/obj/rt_test_sequence_009.o (symbol from plugin)
                                                  build/obj/rt_test_sequence_008.o (symbol from plugin)
                                                  build/obj/rt_test_sequence_007.o (symbol from plugin)
                                                  build/obj/rt_test_sequence_006.o (symbol from plugin)
                                                  build/obj/rt_test_sequence_005.o (symbol from plugin)
                                                  build/obj/rt_test_sequence_004.o (symbol from plugin)
                                                  build/obj/rt_test_sequence_003.o (symbol from plugin)
